<*GNU-Linker-generated-mapfile*> 
Archive member included to satisfy reference by file (symbol)

C:\Program Files\dSPACE RCPHIL 2017-A\DS1202\Lib/librtversion.a(RtVersion.o)
                              (--whole-archive)
C:\Program Files\dSPACE RCPHIL 2017-A\DS1202\Lib/librtglobals.a(DsEESPort.o)
                              (--whole-archive)
C:\Program Files\dSPACE RCPHIL 2017-A\DS1202\Lib/libm_fastpow.a(w_pow.o)
                              C:\Program Files\dSPACE RCPHIL 2017-A\DS1202\Lib/libDsRealTimeTestingRP.so (pow)
C:\Program Files\dSPACE RCPHIL 2017-A\DS1202\Lib/libm_fastpow.a(e_pow.o)
                              C:\Program Files\dSPACE RCPHIL 2017-A\DS1202\Lib/libm_fastpow.a(w_pow.o) (__ieee754_pow)
C:\Program Files\dSPACE RCPHIL 2017-A\DS1202\Lib/libm_fastpow.a(s_scalbn.o)
                              C:\Program Files\dSPACE RCPHIL 2017-A\DS1202\Lib/libm_fastpow.a(e_pow.o) (scalbn)

Memory Configuration

Name             Origin             Length             Attributes
*default*        0x0000000000000000 0xffffffffffffffff

Linker script and memory map

LOAD C:\Program Files\dSPACE RCPHIL 2017-A\Compiler\QNX650_520\target\qnx6/ppcbe/lib/crt1.o
LOAD C:\Program Files\dSPACE RCPHIL 2017-A\Compiler\QNX650_520\target\qnx6/ppcbe/lib/crti.o
LOAD c:/program files/dspace rcphil 2017-a/compiler/qnx650_520/host/win32/x86/usr/bin/../lib/gcc/powerpc-unknown-nto-qnx6.5.0/5.2.0/crtbegin.o
                0x0000000000000000                _DSPACE_START = 0x0
                0x0000000000000000                _DSPACE_START_ = 0x0
                0x00000000000004b2                DS_TARGET_PLATFORM = 0x4b2
START GROUP
LOAD ExpeCommandeVitesseHurstJesus.o07
LOAD ExpeCommandeVitesseHurstJesus_data.o07
LOAD ExpeCommandeVitesseHurstJesus_trc_ptr.o07
LOAD rtGetInf.o07
LOAD rtGetNaN.o07
LOAD rt_nonfinite.o07
LOAD rt_zcfcn.o07
LOAD rti_sim_engine.o07
LOAD rti_init_c.o07
LOAD rt_sim.o07
LOAD rti_assert.o07
LOAD C:\Program Files\dSPACE RCPHIL 2017-A\DS1202\Lib/librtcan.so
LOAD C:\Program Files\dSPACE RCPHIL 2017-A\DS1202\Lib/librtj1939.so
LOAD C:\Program Files\dSPACE RCPHIL 2017-A\DS1202\Lib/librtser.so
LOAD C:\Program Files\dSPACE RCPHIL 2017-A\DS1202\Lib/librt13xxio.so
LOAD C:\Program Files\dSPACE RCPHIL 2017-A\DS1202\Lib/libDsRealTimeTestingRP.so
LOAD C:\Program Files\dSPACE RCPHIL 2017-A\DS1202\Lib/libDsXcpRP.so
LOAD C:\Program Files\dSPACE RCPHIL 2017-A\DS1202\Lib/libDsXcpComm.so
LOAD C:\Program Files\dSPACE RCPHIL 2017-A\DS1202\Lib/libDsFixedSizeFifo.so
LOAD C:\Program Files\dSPACE RCPHIL 2017-A\DS1202\Lib/libDsNvDataRP.so
LOAD C:\Program Files\dSPACE RCPHIL 2017-A\DS1202\Lib/libDsNVDataCommon.so
LOAD C:\Program Files\dSPACE RCPHIL 2017-A\DS1202\Lib/librt1202.so
LOAD C:\Program Files\dSPACE RCPHIL 2017-A\DS1202\Lib/librtwrap.so
LOAD C:\Program Files\dSPACE RCPHIL 2017-A\DS1202\Lib/librtversion.a
LOAD C:\Program Files\dSPACE RCPHIL 2017-A\DS1202\Lib/librtglobals.a
LOAD C:\Program Files\dSPACE RCPHIL 2017-A\DS1202\Lib/libm_fastpow.a
END GROUP
LOAD C:\Program Files\dSPACE RCPHIL 2017-A\DS1202\Lib/libstdc++.so
LOAD C:\Program Files\dSPACE RCPHIL 2017-A\Compiler\QNX650_520\target\qnx6/ppcbe/lib/libm.so
LOAD c:/program files/dspace rcphil 2017-a/compiler/qnx650_520/host/win32/x86/usr/bin/../lib/gcc/powerpc-unknown-nto-qnx6.5.0/5.2.0\libgcc.a
LOAD C:\Program Files\dSPACE RCPHIL 2017-A\Compiler\QNX650_520\target\qnx6/ppcbe/lib/libc.so
LOAD C:\Program Files\dSPACE RCPHIL 2017-A\Compiler\QNX650_520\target\qnx6/ppcbe/lib\libc.a
LOAD c:/program files/dspace rcphil 2017-a/compiler/qnx650_520/host/win32/x86/usr/bin/../lib/gcc/powerpc-unknown-nto-qnx6.5.0/5.2.0\libgcc.a
LOAD c:/program files/dspace rcphil 2017-a/compiler/qnx650_520/host/win32/x86/usr/bin/../lib/gcc/powerpc-unknown-nto-qnx6.5.0/5.2.0/crtend.o
LOAD C:\Program Files\dSPACE RCPHIL 2017-A\Compiler\QNX650_520\target\qnx6/ppcbe/lib/crtn.o
                [!provide]                        PROVIDE (__stack, 0x0)
                [!provide]                        PROVIDE (___stack, 0x0)
                [!provide]                        PROVIDE (__executable_start, 0x48040000)
                0x0000000048040134                . = (0x48040000 + SIZEOF_HEADERS)

.interp         0x0000000048040134       0x14
 *(.interp)
 .interp        0x0000000048040134       0x14 C:\Program Files\dSPACE RCPHIL 2017-A\Compiler\QNX650_520\target\qnx6/ppcbe/lib/crt1.o

.note           0x0000000048040150       0x18
 .note          0x0000000048040150       0x18 C:\Program Files\dSPACE RCPHIL 2017-A\Compiler\QNX650_520\target\qnx6/ppcbe/lib/crtn.o

.note.gnu.build-id
                0x0000000048040168       0x20
 *(.note.gnu.build-id)
 .note.gnu.build-id
                0x0000000048040168       0x20 C:\Program Files\dSPACE RCPHIL 2017-A\Compiler\QNX650_520\target\qnx6/ppcbe/lib/crt1.o

.hash           0x0000000048040188      0x388
 *(.hash)
 .hash          0x0000000048040188      0x388 C:\Program Files\dSPACE RCPHIL 2017-A\Compiler\QNX650_520\target\qnx6/ppcbe/lib/crt1.o

.gnu.hash
 *(.gnu.hash)

.dynsym         0x0000000048040510      0x7f0
 *(.dynsym)
 .dynsym        0x0000000048040510      0x7f0 C:\Program Files\dSPACE RCPHIL 2017-A\Compiler\QNX650_520\target\qnx6/ppcbe/lib/crt1.o

.dynstr         0x0000000048040d00      0xba4
 *(.dynstr)
 .dynstr        0x0000000048040d00      0xba4 C:\Program Files\dSPACE RCPHIL 2017-A\Compiler\QNX650_520\target\qnx6/ppcbe/lib/crt1.o

.gnu.version    0x00000000480418a4        0x0
 *(.gnu.version)
 .gnu.version   0x00000000480418a4        0x0 C:\Program Files\dSPACE RCPHIL 2017-A\Compiler\QNX650_520\target\qnx6/ppcbe/lib/crt1.o

.gnu.version_d  0x00000000480418a4        0x0
 *(.gnu.version_d)
 .gnu.version_d
                0x00000000480418a4        0x0 C:\Program Files\dSPACE RCPHIL 2017-A\Compiler\QNX650_520\target\qnx6/ppcbe/lib/crt1.o

.gnu.version_r  0x00000000480418a4        0x0
 *(.gnu.version_r)
 .gnu.version_r
                0x00000000480418a4        0x0 C:\Program Files\dSPACE RCPHIL 2017-A\Compiler\QNX650_520\target\qnx6/ppcbe/lib/crt1.o

.rel.dyn
 *(.rel.init)
 *(.rel.text .rel.text.* .rel.gnu.linkonce.t.*)
 *(.rel.fini)
 *(.rel.rodata .rel.rodata.* .rel.gnu.linkonce.r.*)
 *(.rel.data.rel.ro* .rel.gnu.linkonce.d.rel.ro.*)
 *(.rel.data .rel.data.* .rel.gnu.linkonce.d.*)
 *(.rel.tdata .rel.tdata.* .rel.gnu.linkonce.td.*)
 *(.rel.tbss .rel.tbss.* .rel.gnu.linkonce.tb.*)
 *(.rel.ctors)
 *(.rel.dtors)
 *(.rel.got)
 *(.rel.sdata .rel.sdata.* .rel.gnu.linkonce.s.*)
 *(.rel.sbss .rel.sbss.* .rel.gnu.linkonce.sb.*)
 *(.rel.sdata2 .rel.sdata2.* .rel.gnu.linkonce.s2.*)
 *(.rel.sbss2 .rel.sbss2.* .rel.gnu.linkonce.sb2.*)
 *(.rel.bss .rel.bss.* .rel.gnu.linkonce.b.*)

.rela.dyn       0x00000000480418a4       0x6c
 *(.rela.init)
 *(.rela.text .rela.text.* .rela.gnu.linkonce.t.*)
 .rela.text     0x00000000480418a4        0x0 C:\Program Files\dSPACE RCPHIL 2017-A\Compiler\QNX650_520\target\qnx6/ppcbe/lib/crt1.o
 *(.rela.fini)
 *(.rela.rodata .rela.rodata.* .rela.gnu.linkonce.r.*)
 .rela.rodata   0x00000000480418a4        0x0 C:\Program Files\dSPACE RCPHIL 2017-A\Compiler\QNX650_520\target\qnx6/ppcbe/lib/crt1.o
 *(.rela.data .rela.data.* .rela.gnu.linkonce.d.*)
 *(.rela.tdata .rela.tdata.* .rela.gnu.linkonce.td.*)
 *(.rela.tbss .rela.tbss.* .rela.gnu.linkonce.tb.*)
 *(.rela.ctors)
 *(.rela.dtors)
 *(.rela.got)
 .rela.got      0x00000000480418a4       0x48 C:\Program Files\dSPACE RCPHIL 2017-A\Compiler\QNX650_520\target\qnx6/ppcbe/lib/crt1.o
 *(.rela.got1)
 *(.rela.got2)
 *(.rela.sdata .rela.sdata.* .rela.gnu.linkonce.s.*)
 *(.rela.sbss .rela.sbss.* .rela.gnu.linkonce.sb.*)
 .rela.sbss     0x00000000480418ec        0x0 C:\Program Files\dSPACE RCPHIL 2017-A\Compiler\QNX650_520\target\qnx6/ppcbe/lib/crt1.o
 *(.rela.sdata2 .rela.sdata2.* .rela.gnu.linkonce.s2.*)
 *(.rela.sbss2 .rela.sbss2.* .rela.gnu.linkonce.sb2.*)
 *(.rela.bss .rela.bss.* .rela.gnu.linkonce.b.*)
 .rela.bss      0x00000000480418ec       0x24 C:\Program Files\dSPACE RCPHIL 2017-A\Compiler\QNX650_520\target\qnx6/ppcbe/lib/crt1.o
 .rela.iplt     0x0000000048041910        0x0 C:\Program Files\dSPACE RCPHIL 2017-A\Compiler\QNX650_520\target\qnx6/ppcbe/lib/crt1.o

.rel.plt
 *(.rel.plt)

.rela.plt       0x0000000048041910      0x510
 *(.rela.plt)
 .rela.plt      0x0000000048041910      0x510 C:\Program Files\dSPACE RCPHIL 2017-A\Compiler\QNX650_520\target\qnx6/ppcbe/lib/crt1.o

.init           0x0000000048041e20       0x24
 *(.init)
 .init          0x0000000048041e20        0xc C:\Program Files\dSPACE RCPHIL 2017-A\Compiler\QNX650_520\target\qnx6/ppcbe/lib/crti.o
                0x0000000048041e20                _init
 .init          0x0000000048041e2c        0x4 c:/program files/dspace rcphil 2017-a/compiler/qnx650_520/host/win32/x86/usr/bin/../lib/gcc/powerpc-unknown-nto-qnx6.5.0/5.2.0/crtbegin.o
 .init          0x0000000048041e30        0x4 c:/program files/dspace rcphil 2017-a/compiler/qnx650_520/host/win32/x86/usr/bin/../lib/gcc/powerpc-unknown-nto-qnx6.5.0/5.2.0/crtend.o
 .init          0x0000000048041e34       0x10 C:\Program Files\dSPACE RCPHIL 2017-A\Compiler\QNX650_520\target\qnx6/ppcbe/lib/crtn.o

.text           0x0000000048041e50     0x328c
                0x0000000048041e50                _btext = .
 *(.text .stub .text.* .gnu.linkonce.t.*)
 .text          0x0000000048041e50      0x118 C:\Program Files\dSPACE RCPHIL 2017-A\Compiler\QNX650_520\target\qnx6/ppcbe/lib/crt1.o
                0x0000000048041e50                _start
 .text          0x0000000048041f68        0x0 C:\Program Files\dSPACE RCPHIL 2017-A\Compiler\QNX650_520\target\qnx6/ppcbe/lib/crti.o
 .text          0x0000000048041f68      0x2b0 c:/program files/dspace rcphil 2017-a/compiler/qnx650_520/host/win32/x86/usr/bin/../lib/gcc/powerpc-unknown-nto-qnx6.5.0/5.2.0/crtbegin.o
 *fill*         0x0000000048042218        0x8 00000000
 .text          0x0000000048042220      0xa48 ExpeCommandeVitesseHurstJesus.o07
                0x0000000048042220                ExpeCom_TriggeredSubsystem_Init
                0x0000000048042250                ExpeCommande_TriggeredSubsystem
                0x00000000480423b0                ExpeCommandeVitesseHurstJesus_output
                0x00000000480428b0                ExpeCommandeVitesseHurstJesus_update
                0x00000000480429b0                ExpeCommandeVitesseHurstJesus_derivatives
                0x00000000480429f0                ExpeCommandeVitesseHurstJesus_initialize
                0x0000000048042bb0                ExpeCommandeVitesseHurstJesus_terminate
 .text          0x0000000048042c68        0x0 ExpeCommandeVitesseHurstJesus_data.o07
 .text          0x0000000048042c68       0xe4 ExpeCommandeVitesseHurstJesus_trc_ptr.o07
                0x0000000048042d18                ExpeCommandeVitesseHurstJesus_rti_init_trc_pointers
 *fill*         0x0000000048042d4c        0x4 00000000
 .text          0x0000000048042d50       0x5c rtGetInf.o07
                0x0000000048042d50                rtGetInf
                0x0000000048042d70                rtGetInfF
                0x0000000048042d80                rtGetMinusInf
                0x0000000048042da0                rtGetMinusInfF
 *fill*         0x0000000048042dac        0x4 00000000
 .text          0x0000000048042db0       0x3c rtGetNaN.o07
                0x0000000048042db0                rtGetNaN
                0x0000000048042de0                rtGetNaNF
 *fill*         0x0000000048042dec        0x4 00000000
 .text          0x0000000048042df0       0xf4 rt_nonfinite.o07
                0x0000000048042df0                rt_InitInfAndNaN
                0x0000000048042e50                rtIsInf
                0x0000000048042e80                rtIsInfF
                0x0000000048042eb0                rtIsNaN
                0x0000000048042ed0                rtIsNaNF
 *fill*         0x0000000048042ee4        0xc 00000000
 .text          0x0000000048042ef0       0xf8 rt_zcfcn.o07
                0x0000000048042ef0                rt_ZCFcn
 *fill*         0x0000000048042fe8        0x8 00000000
 .text          0x0000000048042ff0      0x8b4 rti_sim_engine.o07
                0x0000000048043830                rtk_idle_function
                0x0000000048043840                rti_th_timertask1_trigger_source
                0x0000000048043890                initConditions
                0x00000000480438a0                initVariables
 .text.unlikely
                0x00000000480438a4       0x78 rti_sim_engine.o07
 *fill*         0x000000004804391c        0x4 00000000
 .text.startup  0x0000000048043920      0xbac rti_sim_engine.o07
                0x0000000048043920                main
 *fill*         0x00000000480444cc        0x4 00000000
 .text          0x00000000480444d0       0x40 rti_init_c.o07
                0x00000000480444d0                rti_init
 .text          0x0000000048044510       0x44 rt_sim.o07
                0x0000000048044510                rt_SimInitTimingEngine
                0x0000000048044540                rt_SimGetNextSampleHit
                0x0000000048044550                rt_SimUpdateDiscreteTaskSampleHits
 *fill*         0x0000000048044554        0xc 00000000
 .text          0x0000000048044560       0xd4 rti_assert.o07
                0x0000000048044560                rti_assertion_handler
                0x00000000480445f0                rti_assertion_mode_msg
 .text          0x0000000048044634        0x0 C:\Program Files\dSPACE RCPHIL 2017-A\DS1202\Lib/librtversion.a(RtVersion.o)
 *fill*         0x0000000048044634        0xc 00000000
 .text          0x0000000048044640        0x4 C:\Program Files\dSPACE RCPHIL 2017-A\DS1202\Lib/librtglobals.a(DsEESPort.o)
                0x0000000048044640                DsEesPort_init()
 .text          0x0000000048044644       0x20 C:\Program Files\dSPACE RCPHIL 2017-A\DS1202\Lib/libm_fastpow.a(w_pow.o)
                0x0000000048044644                pow
 .text          0x0000000048044664      0x85c C:\Program Files\dSPACE RCPHIL 2017-A\DS1202\Lib/libm_fastpow.a(e_pow.o)
                0x0000000048044664                __ieee754_pow
 .text          0x0000000048044ec0      0x188 C:\Program Files\dSPACE RCPHIL 2017-A\DS1202\Lib/libm_fastpow.a(s_scalbn.o)
                0x0000000048044ec0                scalbn
 .text          0x0000000048045048       0x94 c:/program files/dspace rcphil 2017-a/compiler/qnx650_520/host/win32/x86/usr/bin/../lib/gcc/powerpc-unknown-nto-qnx6.5.0/5.2.0/crtend.o
 .text          0x00000000480450dc        0x0 C:\Program Files\dSPACE RCPHIL 2017-A\Compiler\QNX650_520\target\qnx6/ppcbe/lib/crtn.o
 *(.gnu.warning)
 *(.glink)
 .glink         0x00000000480450dc        0x0 C:\Program Files\dSPACE RCPHIL 2017-A\Compiler\QNX650_520\target\qnx6/ppcbe/lib/crt1.o

.fini           0x00000000480450dc       0x20
 *(.fini)
 .fini          0x00000000480450dc        0xc C:\Program Files\dSPACE RCPHIL 2017-A\Compiler\QNX650_520\target\qnx6/ppcbe/lib/crti.o
                0x00000000480450dc                _fini
 .fini          0x00000000480450e8        0x4 c:/program files/dspace rcphil 2017-a/compiler/qnx650_520/host/win32/x86/usr/bin/../lib/gcc/powerpc-unknown-nto-qnx6.5.0/5.2.0/crtbegin.o
 .fini          0x00000000480450ec       0x10 C:\Program Files\dSPACE RCPHIL 2017-A\Compiler\QNX650_520\target\qnx6/ppcbe/lib/crtn.o
                [!provide]                        PROVIDE (__etext, .)
                0x00000000480450fc                PROVIDE (_etext, .)
                [!provide]                        PROVIDE (etext, .)

.rodata         0x0000000048045100      0x538
 *(.rodata .rodata.* .gnu.linkonce.r.*)
 .rodata        0x0000000048045100        0x4 ExpeCommandeVitesseHurstJesus.o07
                0x0000000048045100                ExpeCommandeVitesseHurstJesu_M
 .rodata.cst4   0x0000000048045104       0x10 ExpeCommandeVitesseHurstJesus.o07
 *fill*         0x0000000048045114        0x4 
 .rodata.cst8   0x0000000048045118       0x10 ExpeCommandeVitesseHurstJesus.o07
 .rodata.str1.4
                0x0000000048045128        0x5 ExpeCommandeVitesseHurstJesus.o07
 *fill*         0x000000004804512d        0x3 
 .rodata.cst4   0x0000000048045130        0x8 rtGetInf.o07
 .rodata.cst4   0x0000000048045138        0x4 rtGetNaN.o07
 .rodata        0x000000004804513c       0x13 rt_zcfcn.o07
 .rodata.cst4   0x000000004804514f        0x4 rt_zcfcn.o07
 *fill*         0x000000004804514f        0x1 
 .rodata        0x0000000048045150        0xc rti_sim_engine.o07
                0x0000000048045150                rtiDataSetStorageEnabled
                0x0000000048045154                p_dsts_sum_of_reset_time
                0x0000000048045158                p_msg_last_error_no
 .rodata.cst4   0x000000004804515c        0x8 rti_sim_engine.o07
                                          0xc (size before relaxing)
 *fill*         0x0000000048045164        0x4 
 .rodata.cst8   0x0000000048045168       0x18 rti_sim_engine.o07
                                         0x20 (size before relaxing)
 .rodata.str1.4
                0x0000000048045180      0x280 rti_sim_engine.o07
 .rodata.cst4   0x0000000048045400        0x4 rt_sim.o07
                                          0x8 (size before relaxing)
 .rodata.str1.4
                0x0000000048045404       0x71 rt_sim.o07
 *fill*         0x0000000048045475        0x3 
 .rodata.str1.4
                0x0000000048045478       0x70 rti_assert.o07
                                         0x6d (size before relaxing)
 .rodata        0x00000000480454e8       0x30 C:\Program Files\dSPACE RCPHIL 2017-A\DS1202\Lib/libm_fastpow.a(e_pow.o)
 .rodata.cst4   0x0000000048045518        0x8 C:\Program Files\dSPACE RCPHIL 2017-A\DS1202\Lib/libm_fastpow.a(e_pow.o)
 .rodata.cst8   0x0000000048045520       0xe8 C:\Program Files\dSPACE RCPHIL 2017-A\DS1202\Lib/libm_fastpow.a(e_pow.o)
 .rodata.cst8   0x0000000048045608       0x30 C:\Program Files\dSPACE RCPHIL 2017-A\DS1202\Lib/libm_fastpow.a(s_scalbn.o)

.rodata1
 *(.rodata1)

.sdata2         0x0000000048045638        0x0
                0x0000000000008000                PROVIDE (_SDA2_BASE_, 0x8000)
 *(.sdata2 .sdata2.* .gnu.linkonce.s2.*)
 .sdata2        0x0000000048045638        0x0 C:\Program Files\dSPACE RCPHIL 2017-A\Compiler\QNX650_520\target\qnx6/ppcbe/lib/crt1.o

.sbss2
 *(.sbss2 .sbss2.* .gnu.linkonce.sb2.*)

.eh_frame_hdr   0x0000000048045638       0x14
 *(.eh_frame_hdr)
 .eh_frame_hdr  0x0000000048045638       0x14 C:\Program Files\dSPACE RCPHIL 2017-A\DS1202\Lib/librtglobals.a(DsEESPort.o)

.eh_frame       0x000000004804564c       0x2c
 *(.eh_frame)
 .eh_frame      0x000000004804564c        0x0 C:\Program Files\dSPACE RCPHIL 2017-A\Compiler\QNX650_520\target\qnx6/ppcbe/lib/crt1.o
 .eh_frame      0x000000004804564c        0x0 c:/program files/dspace rcphil 2017-a/compiler/qnx650_520/host/win32/x86/usr/bin/../lib/gcc/powerpc-unknown-nto-qnx6.5.0/5.2.0/crtbegin.o
 .eh_frame      0x000000004804564c       0x28 C:\Program Files\dSPACE RCPHIL 2017-A\DS1202\Lib/librtglobals.a(DsEESPort.o)
 .eh_frame      0x0000000048045674        0x4 c:/program files/dspace rcphil 2017-a/compiler/qnx650_520/host/win32/x86/usr/bin/../lib/gcc/powerpc-unknown-nto-qnx6.5.0/5.2.0/crtend.o

.gcc_except_table
 *(.gcc_except_table .gcc_except_table.*)
                0x0000000048045678                . = (ALIGN (0x1000) - ((0x1000 - .) & 0xfff))
                0x0000000048046000                . = DATA_SEGMENT_ALIGN (0x1000, 0x1000)

.eh_frame
 *(.eh_frame)

.gcc_except_table
 *(.gcc_except_table .gcc_except_table.*)

.tdata
 *(.tdata .tdata.* .gnu.linkonce.td.*)

.tbss
 *(.tbss .tbss.* .gnu.linkonce.tb.*)
 *(.tcommon)

.preinit_array  0x0000000048046000        0x0
                0x0000000048046000                PROVIDE (__preinit_array_start, .)
 *(.preinit_array)
                0x0000000048046000                PROVIDE (__preinit_array_end, .)

.init_array     0x0000000048046000        0x0
                0x0000000048046000                PROVIDE (__init_array_start, .)
 *(SORT(.init_array.*))
 *(.init_array)
                0x0000000048046000                PROVIDE (__init_array_end, .)

.fini_array     0x0000000048046000        0x0
                0x0000000048046000                PROVIDE (__fini_array_start, .)
 *(.fini_array)
 *(SORT(.fini_array.*))
                0x0000000048046000                PROVIDE (__fini_array_end, .)

.ctors          0x0000000048046000        0x8
 *crtbegin.o(.ctors)
 .ctors         0x0000000048046000        0x4 c:/program files/dspace rcphil 2017-a/compiler/qnx650_520/host/win32/x86/usr/bin/../lib/gcc/powerpc-unknown-nto-qnx6.5.0/5.2.0/crtbegin.o
 *crtbegin?.o(.ctors)
 *(EXCLUDE_FILE(*crtend?.o *crtend.o) .ctors)
 *(SORT(.ctors.*))
 *(.ctors)
 .ctors         0x0000000048046004        0x4 c:/program files/dspace rcphil 2017-a/compiler/qnx650_520/host/win32/x86/usr/bin/../lib/gcc/powerpc-unknown-nto-qnx6.5.0/5.2.0/crtend.o

.dtors          0x0000000048046008        0x8
 *crtbegin.o(.dtors)
 .dtors         0x0000000048046008        0x4 c:/program files/dspace rcphil 2017-a/compiler/qnx650_520/host/win32/x86/usr/bin/../lib/gcc/powerpc-unknown-nto-qnx6.5.0/5.2.0/crtbegin.o
 *crtbegin?.o(.dtors)
 *(EXCLUDE_FILE(*crtend?.o *crtend.o) .dtors)
 *(SORT(.dtors.*))
 *(.dtors)
 .dtors         0x000000004804600c        0x4 c:/program files/dspace rcphil 2017-a/compiler/qnx650_520/host/win32/x86/usr/bin/../lib/gcc/powerpc-unknown-nto-qnx6.5.0/5.2.0/crtend.o
                0x000000004804600c                __DTOR_END__

.jcr            0x0000000048046010        0x4
 *(.jcr)
 .jcr           0x0000000048046010        0x0 c:/program files/dspace rcphil 2017-a/compiler/qnx650_520/host/win32/x86/usr/bin/../lib/gcc/powerpc-unknown-nto-qnx6.5.0/5.2.0/crtbegin.o
 .jcr           0x0000000048046010        0x4 c:/program files/dspace rcphil 2017-a/compiler/qnx650_520/host/win32/x86/usr/bin/../lib/gcc/powerpc-unknown-nto-qnx6.5.0/5.2.0/crtend.o

.data.rel.ro
 *(.data.rel.ro.local* .gnu.linkonce.d.rel.ro.local.*)
 *(.data.rel.ro* .gnu.linkonce.d.rel.ro.*)

.fixup
 *(.fixup)

.got1
 *(.got1)

.got2
 *(.got2)

.dynamic        0x0000000048046014      0x128
 *(.dynamic)
 .dynamic       0x0000000048046014      0x128 C:\Program Files\dSPACE RCPHIL 2017-A\Compiler\QNX650_520\target\qnx6/ppcbe/lib/crt1.o
                0x0000000048046014                _DYNAMIC

.got
 *(.got)
                0x000000004804613c                . = DATA_SEGMENT_RELRO_END (., 0x0)

.plt
 *(.plt)

.data           0x0000000048046140      0x108
 *(.data .data.* .gnu.linkonce.d.*)
 .data          0x0000000048046140        0x0 C:\Program Files\dSPACE RCPHIL 2017-A\Compiler\QNX650_520\target\qnx6/ppcbe/lib/crt1.o
 .data          0x0000000048046140        0x0 C:\Program Files\dSPACE RCPHIL 2017-A\Compiler\QNX650_520\target\qnx6/ppcbe/lib/crti.o
 .data          0x0000000048046140        0x0 c:/program files/dspace rcphil 2017-a/compiler/qnx650_520/host/win32/x86/usr/bin/../lib/gcc/powerpc-unknown-nto-qnx6.5.0/5.2.0/crtbegin.o
 .data.rel.local
                0x0000000048046140        0x4 c:/program files/dspace rcphil 2017-a/compiler/qnx650_520/host/win32/x86/usr/bin/../lib/gcc/powerpc-unknown-nto-qnx6.5.0/5.2.0/crtbegin.o
                0x0000000048046140                __dso_handle
 .data          0x0000000048046144        0x0 ExpeCommandeVitesseHurstJesus.o07
 *fill*         0x0000000048046144        0x4 
 .data          0x0000000048046148       0xe0 ExpeCommandeVitesseHurstJesus_data.o07
                0x0000000048046148                ExpeCommandeVitesseHurstJesus_P
 .data          0x0000000048046228        0x0 ExpeCommandeVitesseHurstJesus_trc_ptr.o07
 .data          0x0000000048046228        0x0 rtGetInf.o07
 .data          0x0000000048046228        0x0 rtGetNaN.o07
 .data          0x0000000048046228        0x0 rt_nonfinite.o07
 .data          0x0000000048046228        0x0 rt_zcfcn.o07
 .data          0x0000000048046228       0x14 rti_sim_engine.o07
                0x0000000048046228                simState
                0x0000000048046238                lastSimState
 .data          0x000000004804623c        0x0 rti_init_c.o07
 .data          0x000000004804623c        0x0 rt_sim.o07
 .data          0x000000004804623c        0x0 rti_assert.o07
 .data          0x000000004804623c        0x0 C:\Program Files\dSPACE RCPHIL 2017-A\DS1202\Lib/librtversion.a(RtVersion.o)
 .data          0x000000004804623c        0x0 C:\Program Files\dSPACE RCPHIL 2017-A\DS1202\Lib/librtglobals.a(DsEESPort.o)
 .data.rel      0x000000004804623c        0xc C:\Program Files\dSPACE RCPHIL 2017-A\DS1202\Lib/librtglobals.a(DsEESPort.o)
                0x000000004804623c                p_xilapi_eesport_errorswitching_uint32_T
                0x0000000048046240                p_xilapi_eesport_erroractivated_uint32_T
                0x0000000048046244                p_xilapi_eesport_activeerrorset_uint32_T
 .data          0x0000000048046248        0x0 C:\Program Files\dSPACE RCPHIL 2017-A\DS1202\Lib/libm_fastpow.a(w_pow.o)
 .data          0x0000000048046248        0x0 C:\Program Files\dSPACE RCPHIL 2017-A\DS1202\Lib/libm_fastpow.a(e_pow.o)
 .data          0x0000000048046248        0x0 C:\Program Files\dSPACE RCPHIL 2017-A\DS1202\Lib/libm_fastpow.a(s_scalbn.o)
 .data          0x0000000048046248        0x0 c:/program files/dspace rcphil 2017-a/compiler/qnx650_520/host/win32/x86/usr/bin/../lib/gcc/powerpc-unknown-nto-qnx6.5.0/5.2.0/crtend.o
 .data          0x0000000048046248        0x0 C:\Program Files\dSPACE RCPHIL 2017-A\Compiler\QNX650_520\target\qnx6/ppcbe/lib/crtn.o

.tm_clone_table
                0x0000000048046248        0x0
 .tm_clone_table
                0x0000000048046248        0x0 c:/program files/dspace rcphil 2017-a/compiler/qnx650_520/host/win32/x86/usr/bin/../lib/gcc/powerpc-unknown-nto-qnx6.5.0/5.2.0/crtbegin.o
 .tm_clone_table
                0x0000000048046248        0x0 c:/program files/dspace rcphil 2017-a/compiler/qnx650_520/host/win32/x86/usr/bin/../lib/gcc/powerpc-unknown-nto-qnx6.5.0/5.2.0/crtend.o

.data1
 *(.data1)

.got            0x0000000048046248       0x54
 *(.got)
 .got           0x0000000048046248       0x54 C:\Program Files\dSPACE RCPHIL 2017-A\Compiler\QNX650_520\target\qnx6/ppcbe/lib/crt1.o
                0x0000000048046290                _GLOBAL_OFFSET_TABLE_

.sdata          0x000000004804629c        0x0
                0x0000000000008000                PROVIDE (_SDA_BASE_, 0x8000)
 *(.sdata .sdata.* .gnu.linkonce.s.*)
 .sdata         0x000000004804629c        0x0 C:\Program Files\dSPACE RCPHIL 2017-A\Compiler\QNX650_520\target\qnx6/ppcbe/lib/crt1.o
                0x000000004804629c                _edata = .
                [!provide]                        PROVIDE (edata, .)
                0x000000004804629c                __bss_start = .

.sbss           0x000000004804629c        0x0
                [!provide]                        PROVIDE (__sbss_start, .)
                [!provide]                        PROVIDE (___sbss_start, .)
 *(.dynsbss)
 .dynsbss       0x000000004804629c        0x0 C:\Program Files\dSPACE RCPHIL 2017-A\Compiler\QNX650_520\target\qnx6/ppcbe/lib/crt1.o
 *(.sbss .sbss.* .gnu.linkonce.sb.*)
 *(.scommon)
                [!provide]                        PROVIDE (__sbss_end, .)
                [!provide]                        PROVIDE (___sbss_end, .)

.plt            0x000000004804629c      0x558
 *(.plt)
 .plt           0x000000004804629c      0x558 C:\Program Files\dSPACE RCPHIL 2017-A\Compiler\QNX650_520\target\qnx6/ppcbe/lib/crt1.o
                0x00000000480462e4                ts_reset
                0x00000000480462ec                __register_frame_info
                0x00000000480462f4                msg_error_clear
                0x00000000480462fc                DioCl1MultiPwmOut_write
                0x0000000048046304                AdcCl1AnalogIn_read
                0x000000004804630c                DioCl1EncoderIn_setGatedMode
                0x0000000048046314                dsrtt_set_current_time
                0x000000004804631c                sqrt
                0x0000000048046324                rtk_current_task_absolute_time_ptr_get
                0x000000004804632c                DsTimeSync_simstateRun
                0x0000000048046334                DioCl1EncoderIn_setEncPosValidity
                0x000000004804633c                floor
                0x0000000048046344                DioCl1MultiPwmOut_apply
                0x000000004804634c                DioCl1MultiPwmOut_setEventDownsample
                0x0000000048046354                rtk_setup_temp_overrun_handling
                0x000000004804635c                DioCl1DigOut_setChMaskOutData
                0x0000000048046364                SrtkIntBase_requestTaskMode
                0x000000004804636c                rtk_reset_tasks
                0x0000000048046374                DioCl1EncoderIn_setIndexMode
                0x000000004804637c                __cxa_finalize
                0x0000000048046384                DioCl1MultiPwmOut_setDutyCycle
                0x000000004804638c                DioCl1MultiPwmOut_setSignalVoltage
                0x0000000048046394                _init_array
                0x000000004804639c                rtk_set_task_type
                0x00000000480463a4                DsTimeSync_baserate
                0x00000000480463ac                rtk_task_name_set
                0x00000000480463b4                DioCl1MultiPwmOut_setUpdateMode
                0x00000000480463bc                DioCl1DigOut_setChMaskOutHighZ
                0x00000000480463c4                dsrtt_script_service_post_computation
                0x00000000480463cc                rtk_create_task
                0x00000000480463d4                msg_warning_printf
                0x00000000480463dc                DioCl1EncoderIn_setMaxPosition
                0x00000000480463e4                DioCl1EncoderIn_setMinPosition
                0x00000000480463ec                msg_last_error_number
                0x00000000480463f4                AdcCl1AnalogIn_setConversTrigger
                0x00000000480463fc                dsparam_copy_data_set
                0x0000000048046404                SrtkPreload_preloadRegion
                0x000000004804640c                msg_error_set
                0x0000000048046414                rtk_enable_services
                0x000000004804641c                SrtkDaq_Init
                0x0000000048046424                DioCl1EncoderIn_getEncVelocity
                0x000000004804642c                DioCl1DigOut_setSignalVoltage
                0x0000000048046434                rtk_task_task_calls_get
                0x000000004804643c                DsTimeSync_setCurrentTimePtr
                0x0000000048046444                SrtkIntBase_enableIntGlobal
                0x000000004804644c                AdcCl1AnalogIn_setConversionMode
                0x0000000048046454                rtk_overrun_flag_clear
                0x000000004804645c                DioCl1MultiPwmOut_setAlignmentMode
                0x0000000048046464                rtk_bind_interrupt
                0x000000004804646c                AdcCl1AnalogIn_apply
                0x0000000048046474                _init_libc
                0x000000004804647c                DioCl1MultiPwmOut_setOutputHighZ
                0x0000000048046484                dsrtt_init
                0x000000004804648c                AdcCl1AnalogIn_write
                0x0000000048046494                DioCl1EncoderIn_setMeasurementInterval
                0x000000004804649c                DioCl1EncoderIn_read
                0x00000000480464a4                DioCl1DigOut_write
                0x00000000480464ac                SrtkApp_terminate
                0x00000000480464b4                DioCl1DigOut_start
                0x00000000480464bc                DioCl1EncoderIn_getEncPosition
                0x00000000480464c4                AdcCl1AnalogIn_isDataReady
                0x00000000480464cc                DioCl1MultiPwmOut_setEventDelay
                0x00000000480464d4                msg_info_set
                0x00000000480464dc                DioCl1MultiPwmOut_setRisingEdgeDelay
                0x00000000480464e4                dsrtt_script_service_pre_computation
                0x00000000480464ec                msg_error_printf
                0x00000000480464f4                DioCl1EncoderIn_setEncPosition
                0x00000000480464fc                memset
                0x0000000048046504                DioCl1DigOut_create
                0x000000004804650c                DioCl1MultiPwmOut_setPeriod
                0x0000000048046514                rtk_leave_idle_mode
                0x000000004804651c                DioCl1EncoderIn_create
                0x0000000048046524                fmod
                0x000000004804652c                __wrap_exit
                0x0000000048046534                DioCl1DigOut_apply
                0x000000004804653c                __wrap_atexit
                0x0000000048046544                AdcCl1AnalogIn_start
                0x000000004804654c                _fini_array
                0x0000000048046554                SrtkDaq_Background
                0x000000004804655c                _preinit_array
                0x0000000048046564                SrtkApp_init
                0x000000004804656c                DioCl1MultiPwmOut_start
                0x0000000048046574                DioCl1EncoderIn_start
                0x000000004804657c                DioCl1MultiPwmOut_create
                0x0000000048046584                SrtkDaq_Service
                0x000000004804658c                rtk_task_task_name_get
                0x0000000048046594                AdcCl1AnalogIn_setConversSwTrigger
                0x000000004804659c                SrtkSim_notifyStateTransition
                0x00000000480465a4                AdcCl1AnalogIn_getSingleValue
                0x00000000480465ac                DioCl1EncoderIn_apply
                0x00000000480465b4                DioCl1EncoderIn_stop
                0x00000000480465bc                msg_set
                0x00000000480465c4                DioCl1EncoderIn_setEncoderLines
                0x00000000480465cc                rtk_get_subentry
                0x00000000480465d4                dsrtt_set_step_size
                0x00000000480465dc                rtk_enter_idle_mode
                0x00000000480465e4                DioCl1EncoderIn_write
                0x00000000480465ec                rtk_initialize
                0x00000000480465f4                DioCl1MultiPwmOut_setInterruptMode
                0x00000000480465fc                DioCl1MultiPwmOut_setInvertingMode
                0x0000000048046604                SrtkApp_background
                0x000000004804660c                rtk_default_overrun_fcn
                0x0000000048046614                AdcCl1AnalogIn_create
                0x000000004804661c                vcm_module_register
                0x0000000048046624                DsTimeSync_simstateStop
                0x000000004804662c                SrtkIntBase_disableIntGlobal
                0x0000000048046634                SrtkSim_registerState
                0x000000004804663c                __deregister_frame_info

.bss            0x00000000480467f8      0x398
 *(.dynbss)
 .dynbss        0x00000000480467f8       0x14 C:\Program Files\dSPACE RCPHIL 2017-A\Compiler\QNX650_520\target\qnx6/ppcbe/lib/crt1.o
                0x00000000480467f8                errno
                0x0000000048046800                dsts_sum_of_reseted_time
                0x0000000048046808                msg_last_error_no
 *(.bss .bss.* .gnu.linkonce.b.*)
 .bss           0x000000004804680c        0x0 C:\Program Files\dSPACE RCPHIL 2017-A\Compiler\QNX650_520\target\qnx6/ppcbe/lib/crt1.o
 .bss           0x000000004804680c        0x0 C:\Program Files\dSPACE RCPHIL 2017-A\Compiler\QNX650_520\target\qnx6/ppcbe/lib/crti.o
 .bss           0x000000004804680c       0x20 c:/program files/dspace rcphil 2017-a/compiler/qnx650_520/host/win32/x86/usr/bin/../lib/gcc/powerpc-unknown-nto-qnx6.5.0/5.2.0/crtbegin.o
 *fill*         0x000000004804682c        0x4 
 .bss           0x0000000048046830      0x270 ExpeCommandeVitesseHurstJesus.o07
                0x0000000048046830                ExpeCommandeVitesseHurstJesus_B
                0x00000000480468e0                ExpeCommandeVitesseHurstJesu_M_
                0x0000000048046a50                ExpeCommandeVitesseHurstJesu_DW
                0x0000000048046a90                ExpeCommandeVitesseHurs_PrevZCX
                0x0000000048046a98                ExpeCommandeVitesseHurstJesus_X
 .bss           0x0000000048046aa0        0x0 ExpeCommandeVitesseHurstJesus_data.o07
 .bss           0x0000000048046aa0       0x24 ExpeCommandeVitesseHurstJesus_trc_ptr.o07
                0x0000000048046aa0                p_0_ExpeCommandeVitesseHurstJesus_real_T_0
                0x0000000048046aa4                p_0_ExpeCommandeVitesseHurstJesus_uint16_T_1
                0x0000000048046aa8                p_1_ExpeCommandeVitesseHurstJesus_real_T_0
                0x0000000048046aac                p_1_ExpeCommandeVitesseHurstJesus_uint16_T_1
                0x0000000048046ab0                p_1_ExpeCommandeVitesseHurstJesus_real_T_2
                0x0000000048046ab4                p_1_ExpeCommandeVitesseHurstJesus_boolean_T_3
                0x0000000048046ab8                p_2_ExpeCommandeVitesseHurstJesus_real_T_0
                0x0000000048046abc                p_2_ExpeCommandeVitesseHurstJesus_int8_T_1
                0x0000000048046ac0                p_3_ExpeCommandeVitesseHurstJesus_real_T_0
 .bss           0x0000000048046ac4        0x0 rtGetInf.o07
 .bss           0x0000000048046ac4        0x0 rtGetNaN.o07
 *fill*         0x0000000048046ac4        0x4 
 .bss           0x0000000048046ac8       0x2c rt_nonfinite.o07
                0x0000000048046ac8                rtNaN
                0x0000000048046ad0                rtNaNF
                0x0000000048046ad8                rtInf
                0x0000000048046ae0                rtInfF
                0x0000000048046ae8                rtMinusInf
                0x0000000048046af0                rtMinusInfF
 .bss           0x0000000048046af4        0x0 rt_zcfcn.o07
 *fill*         0x0000000048046af4        0x4 
 .bss           0x0000000048046af8       0x80 rti_sim_engine.o07
                0x0000000048046af8                currentTime
                0x0000000048046afc                finalTime
                0x0000000048046b00                modelStepSize
                0x0000000048046b08                pRTIDioC1DigOut_Port_1_Ch_16
                0x0000000048046b0c                pRTIEmcEncoder_Unit_1_DioCl_1_Port_1_Ch1
                0x0000000048046b10                pRTIDioC1DigOut_Port_2_Ch_4
                0x0000000048046b14                pRTIDioC1DigOut_Port_1_Ch_4
                0x0000000048046b18                pRTIEmcMultiPwmOut_Port_3_Ch_1
                0x0000000048046b1c                taskMode
                0x0000000048046b20                pRTIAdcC1AnalogIn_Ch_18
                0x0000000048046b24                pRTIAdcC1AnalogIn_Ch_19
                0x0000000048046b28                pRTIAdcC1AnalogIn_Ch_20
                0x0000000048046b2c                pRti_TIMERA_STime
                0x0000000048046b30                pRti_TIMERA_TTime
                0x0000000048046b34                pRti_TIMERA_TState
                0x0000000048046b38                pRti_TIMERA_OType
                0x0000000048046b3c                pRti_TIMERA_OMax
                0x0000000048046b40                pRti_TIMERA_ORpt
                0x0000000048046b44                pRti_TIMERA_OCnt
                0x0000000048046b48                pRti_TIMERA_TCnt
                0x0000000048046b4c                pRti_TIMERA_Prio
                0x0000000048046b54                pRti_120XDIOCL1MCPWM_BEGIN_OF_PERIODP3Ch1_TTime
                0x0000000048046b58                pRti_120XDIOCL1MCPWM_BEGIN_OF_PERIODP3Ch1_TState
                0x0000000048046b5c                pRti_120XDIOCL1MCPWM_BEGIN_OF_PERIODP3Ch1_OType
                0x0000000048046b60                pRti_120XDIOCL1MCPWM_BEGIN_OF_PERIODP3Ch1_OMax
                0x0000000048046b64                pRti_120XDIOCL1MCPWM_BEGIN_OF_PERIODP3Ch1_ORpt
                0x0000000048046b68                pRti_120XDIOCL1MCPWM_BEGIN_OF_PERIODP3Ch1_OCnt
                0x0000000048046b6c                pRti_120XDIOCL1MCPWM_BEGIN_OF_PERIODP3Ch1_TCnt
                0x0000000048046b70                pRti_120XDIOCL1MCPWM_BEGIN_OF_PERIODP3Ch1_Prio
                0x0000000048046b74                rtiAssertionMode
 .bss           0x0000000048046b78        0x4 rti_init_c.o07
 .bss           0x0000000048046b7c        0x0 rt_sim.o07
 .bss           0x0000000048046b7c        0x0 rti_assert.o07
 .bss           0x0000000048046b7c        0x0 C:\Program Files\dSPACE RCPHIL 2017-A\DS1202\Lib/librtversion.a(RtVersion.o)
 .bss           0x0000000048046b7c       0x14 C:\Program Files\dSPACE RCPHIL 2017-A\DS1202\Lib/librtglobals.a(DsEESPort.o)
                0x0000000048046b7c                xilapi_eesport_trigger_uint32_T
                0x0000000048046b80                xilapi_eesport_flags_uint32_T
                0x0000000048046b84                xilapi_eesport_errorswitching_uint32_T
                0x0000000048046b88                xilapi_eesport_erroractivated_uint32_T
                0x0000000048046b8c                xilapi_eesport_activeerrorset_uint32_T
 .bss           0x0000000048046b90        0x0 C:\Program Files\dSPACE RCPHIL 2017-A\DS1202\Lib/libm_fastpow.a(w_pow.o)
 .bss           0x0000000048046b90        0x0 C:\Program Files\dSPACE RCPHIL 2017-A\DS1202\Lib/libm_fastpow.a(e_pow.o)
 .bss           0x0000000048046b90        0x0 C:\Program Files\dSPACE RCPHIL 2017-A\DS1202\Lib/libm_fastpow.a(s_scalbn.o)
 .bss           0x0000000048046b90        0x0 c:/program files/dspace rcphil 2017-a/compiler/qnx650_520/host/win32/x86/usr/bin/../lib/gcc/powerpc-unknown-nto-qnx6.5.0/5.2.0/crtend.o
 .bss           0x0000000048046b90        0x0 C:\Program Files\dSPACE RCPHIL 2017-A\Compiler\QNX650_520\target\qnx6/ppcbe/lib/crtn.o
 *(COMMON)
                0x0000000048046b90                . = ALIGN ((. != 0x0)?0x4:0x1)

.iplt           0x0000000048046b90        0x0
 .iplt          0x0000000048046b90        0x0 C:\Program Files\dSPACE RCPHIL 2017-A\Compiler\QNX650_520\target\qnx6/ppcbe/lib/crt1.o
                0x0000000048046b90                . = ALIGN (0x4)
                0x0000000048046b90                . = ALIGN (0x4)
                0x0000000048046b90                __end = .
                0x0000000048046b90                _end = .
                [!provide]                        PROVIDE (end, .)
                0x0000000048046b90                . = DATA_SEGMENT_END (.)

.stab
 *(.stab)

.stabstr
 *(.stabstr)

.stab.excl
 *(.stab.excl)

.stab.exclstr
 *(.stab.exclstr)

.stab.index
 *(.stab.index)

.stab.indexstr
 *(.stab.indexstr)

.comment        0x0000000000000000       0x47
 *(.comment)
 .comment       0x0000000000000000       0x11 c:/program files/dspace rcphil 2017-a/compiler/qnx650_520/host/win32/x86/usr/bin/../lib/gcc/powerpc-unknown-nto-qnx6.5.0/5.2.0/crtbegin.o
                                         0x12 (size before relaxing)
 .comment       0x0000000000000011       0x12 ExpeCommandeVitesseHurstJesus.o07
 .comment       0x0000000000000011       0x12 ExpeCommandeVitesseHurstJesus_data.o07
 .comment       0x0000000000000011       0x12 ExpeCommandeVitesseHurstJesus_trc_ptr.o07
 .comment       0x0000000000000011       0x12 rtGetInf.o07
 .comment       0x0000000000000011       0x12 rtGetNaN.o07
 .comment       0x0000000000000011       0x12 rt_nonfinite.o07
 .comment       0x0000000000000011       0x12 rt_zcfcn.o07
 .comment       0x0000000000000011       0x12 rti_sim_engine.o07
 .comment       0x0000000000000011       0x12 rti_init_c.o07
 .comment       0x0000000000000011       0x12 rt_sim.o07
 .comment       0x0000000000000011       0x12 rti_assert.o07
 .comment       0x0000000000000011       0x12 C:\Program Files\dSPACE RCPHIL 2017-A\DS1202\Lib/librtversion.a(RtVersion.o)
 .comment       0x0000000000000011       0x12 C:\Program Files\dSPACE RCPHIL 2017-A\DS1202\Lib/librtglobals.a(DsEESPort.o)
 .comment       0x0000000000000011       0x12 C:\Program Files\dSPACE RCPHIL 2017-A\DS1202\Lib/libm_fastpow.a(w_pow.o)
 .comment       0x0000000000000023       0x12 C:\Program Files\dSPACE RCPHIL 2017-A\DS1202\Lib/libm_fastpow.a(e_pow.o)
 .comment       0x0000000000000035       0x12 C:\Program Files\dSPACE RCPHIL 2017-A\DS1202\Lib/libm_fastpow.a(s_scalbn.o)
 .comment       0x0000000000000047       0x12 c:/program files/dspace rcphil 2017-a/compiler/qnx650_520/host/win32/x86/usr/bin/../lib/gcc/powerpc-unknown-nto-qnx6.5.0/5.2.0/crtend.o

.PPC.EMB.apuinfo
                0x0000000000000000       0x18
 .PPC.EMB.apuinfo
                0x0000000000000000       0x18 rt_zcfcn.o07

.debug
 *(.debug)

.line
 *(.line)

.debug_srcinfo
 *(.debug_srcinfo)

.debug_sfnames
 *(.debug_sfnames)

.debug_aranges
 *(.debug_aranges)

.debug_pubnames
 *(.debug_pubnames)

.debug_info
 *(.debug_info .gnu.linkonce.wi.*)

.debug_abbrev
 *(.debug_abbrev)

.debug_line
 *(.debug_line)

.debug_frame
 *(.debug_frame)

.debug_str
 *(.debug_str)

.debug_loc
 *(.debug_loc)

.debug_macinfo
 *(.debug_macinfo)

.debug_weaknames
 *(.debug_weaknames)

.debug_funcnames
 *(.debug_funcnames)

.debug_typenames
 *(.debug_typenames)

.debug_varnames
 *(.debug_varnames)

.debug_pubtypes
 *(.debug_pubtypes)

.debug_ranges
 *(.debug_ranges)

.gnu.attributes
                0x0000000000000000       0x14
 *(.gnu.attributes)
 .gnu.attributes
                0x0000000000000000       0x10 ExpeCommandeVitesseHurstJesus.o07
 .gnu.attributes
                0x0000000000000010       0x10 rtGetInf.o07
 .gnu.attributes
                0x0000000000000020       0x10 rtGetNaN.o07
 .gnu.attributes
                0x0000000000000030       0x10 rt_nonfinite.o07
 .gnu.attributes
                0x0000000000000040       0x10 rt_zcfcn.o07
 .gnu.attributes
                0x0000000000000050       0x10 rti_sim_engine.o07
 .gnu.attributes
                0x0000000000000060       0x10 rt_sim.o07
 .gnu.attributes
                0x0000000000000070       0x10 rti_assert.o07
 .gnu.attributes
                0x0000000000000080       0x14 C:\Program Files\dSPACE RCPHIL 2017-A\DS1202\Lib/libm_fastpow.a(w_pow.o)
 .gnu.attributes
                0x0000000000000094       0x14 C:\Program Files\dSPACE RCPHIL 2017-A\DS1202\Lib/libm_fastpow.a(e_pow.o)
 .gnu.attributes
                0x00000000000000a8       0x14 C:\Program Files\dSPACE RCPHIL 2017-A\DS1202\Lib/libm_fastpow.a(s_scalbn.o)

/DISCARD/
 *(.note.GNU-stack)
 *(.gnu_debuglink)
OUTPUT(ExpeCommandeVitesseHurstJesus.ppc elf32-powerpc)
