Archive member included to satisfy reference by file (symbol)

C:\Program Files\dSPACE RCPHIL 2017-A\DS1202\Lib/librtversion.a(RtVersion.o)
                              (--whole-archive)
C:\Program Files\dSPACE RCPHIL 2017-A\DS1202\Lib/librtglobals.a(DsEESPort.o)
                              (--whole-archive)
C:\Program Files\dSPACE RCPHIL 2017-A\DS1202\Lib/libm_fastpow.a(w_pow.o)
                              C:\Program Files\dSPACE RCPHIL 2017-A\DS1202\Lib/libDsRealTimeTestingRP.so (pow)
C:\Program Files\dSPACE RCPHIL 2017-A\DS1202\Lib/libm_fastpow.a(e_pow.o)
                              C:\Program Files\dSPACE RCPHIL 2017-A\DS1202\Lib/libm_fastpow.a(w_pow.o) (__ieee754_pow)
C:\Program Files\dSPACE RCPHIL 2017-A\DS1202\Lib/libm_fastpow.a(s_scalbn.o)
                              C:\Program Files\dSPACE RCPHIL 2017-A\DS1202\Lib/libm_fastpow.a(e_pow.o) (scalbn)

Memory Configuration

Name             Origin             Length             Attributes
*default*        0x0000000000000000 0xffffffffffffffff

Linker script and memory map

LOAD C:\Program Files\dSPACE RCPHIL 2017-A\Compiler\QNX650_520\target\qnx6/ppcbe/lib/crt1.o
LOAD C:\Program Files\dSPACE RCPHIL 2017-A\Compiler\QNX650_520\target\qnx6/ppcbe/lib/crti.o
LOAD c:/program files/dspace rcphil 2017-a/compiler/qnx650_520/host/win32/x86/usr/bin/../lib/gcc/powerpc-unknown-nto-qnx6.5.0/5.2.0/crtbegin.o
                0x0000000000000000                _DSPACE_START = 0x0
                0x0000000000000000                _DSPACE_START_ = 0x0
                0x00000000000004b2                DS_TARGET_PLATFORM = 0x4b2
START GROUP
LOAD ExpeCommandeVitesseMCC.o07
LOAD ExpeCommandeVitesseMCC_data.o07
LOAD ExpeCommandeVitesseMCC_trc_ptr.o07
LOAD rtGetInf.o07
LOAD rtGetNaN.o07
LOAD rt_nonfinite.o07
LOAD rt_zcfcn.o07
LOAD rti_sim_engine.o07
LOAD rti_init_c.o07
LOAD rt_sim.o07
LOAD rti_assert.o07
LOAD C:\Program Files\dSPACE RCPHIL 2017-A\DS1202\Lib/librtcan.so
LOAD C:\Program Files\dSPACE RCPHIL 2017-A\DS1202\Lib/librtj1939.so
LOAD C:\Program Files\dSPACE RCPHIL 2017-A\DS1202\Lib/librtser.so
LOAD C:\Program Files\dSPACE RCPHIL 2017-A\DS1202\Lib/librt13xxio.so
LOAD C:\Program Files\dSPACE RCPHIL 2017-A\DS1202\Lib/libDsRealTimeTestingRP.so
LOAD C:\Program Files\dSPACE RCPHIL 2017-A\DS1202\Lib/libDsXcpRP.so
LOAD C:\Program Files\dSPACE RCPHIL 2017-A\DS1202\Lib/libDsXcpComm.so
LOAD C:\Program Files\dSPACE RCPHIL 2017-A\DS1202\Lib/libDsFixedSizeFifo.so
LOAD C:\Program Files\dSPACE RCPHIL 2017-A\DS1202\Lib/libDsNvDataRP.so
LOAD C:\Program Files\dSPACE RCPHIL 2017-A\DS1202\Lib/libDsNVDataCommon.so
LOAD C:\Program Files\dSPACE RCPHIL 2017-A\DS1202\Lib/librt1202.so
LOAD C:\Program Files\dSPACE RCPHIL 2017-A\DS1202\Lib/librtwrap.so
LOAD C:\Program Files\dSPACE RCPHIL 2017-A\DS1202\Lib/librtversion.a
LOAD C:\Program Files\dSPACE RCPHIL 2017-A\DS1202\Lib/librtglobals.a
LOAD C:\Program Files\dSPACE RCPHIL 2017-A\DS1202\Lib/libm_fastpow.a
END GROUP
LOAD C:\Program Files\dSPACE RCPHIL 2017-A\DS1202\Lib/libstdc++.so
LOAD C:\Program Files\dSPACE RCPHIL 2017-A\Compiler\QNX650_520\target\qnx6/ppcbe/lib/libm.so
LOAD c:/program files/dspace rcphil 2017-a/compiler/qnx650_520/host/win32/x86/usr/bin/../lib/gcc/powerpc-unknown-nto-qnx6.5.0/5.2.0\libgcc.a
LOAD C:\Program Files\dSPACE RCPHIL 2017-A\Compiler\QNX650_520\target\qnx6/ppcbe/lib/libc.so
LOAD C:\Program Files\dSPACE RCPHIL 2017-A\Compiler\QNX650_520\target\qnx6/ppcbe/lib\libc.a
LOAD c:/program files/dspace rcphil 2017-a/compiler/qnx650_520/host/win32/x86/usr/bin/../lib/gcc/powerpc-unknown-nto-qnx6.5.0/5.2.0\libgcc.a
LOAD c:/program files/dspace rcphil 2017-a/compiler/qnx650_520/host/win32/x86/usr/bin/../lib/gcc/powerpc-unknown-nto-qnx6.5.0/5.2.0/crtend.o
LOAD C:\Program Files\dSPACE RCPHIL 2017-A\Compiler\QNX650_520\target\qnx6/ppcbe/lib/crtn.o
                [!provide]                        PROVIDE (__stack, 0x0)
                [!provide]                        PROVIDE (___stack, 0x0)
                [!provide]                        PROVIDE (__executable_start, 0x48040000)
                0x0000000048040134                . = (0x48040000 + SIZEOF_HEADERS)

.interp         0x0000000048040134       0x14
 *(.interp)
 .interp        0x0000000048040134       0x14 C:\Program Files\dSPACE RCPHIL 2017-A\Compiler\QNX650_520\target\qnx6/ppcbe/lib/crt1.o

.note           0x0000000048040150       0x18
 .note          0x0000000048040150       0x18 C:\Program Files\dSPACE RCPHIL 2017-A\Compiler\QNX650_520\target\qnx6/ppcbe/lib/crtn.o

.note.gnu.build-id
                0x0000000048040168       0x20
 *(.note.gnu.build-id)
 .note.gnu.build-id
                0x0000000048040168       0x20 C:\Program Files\dSPACE RCPHIL 2017-A\Compiler\QNX650_520\target\qnx6/ppcbe/lib/crt1.o

.hash           0x0000000048040188      0x38c
 *(.hash)
 .hash          0x0000000048040188      0x38c C:\Program Files\dSPACE RCPHIL 2017-A\Compiler\QNX650_520\target\qnx6/ppcbe/lib/crt1.o

.gnu.hash
 *(.gnu.hash)

.dynsym         0x0000000048040514      0x800
 *(.dynsym)
 .dynsym        0x0000000048040514      0x800 C:\Program Files\dSPACE RCPHIL 2017-A\Compiler\QNX650_520\target\qnx6/ppcbe/lib/crt1.o

.dynstr         0x0000000048040d14      0xba2
 *(.dynstr)
 .dynstr        0x0000000048040d14      0xba2 C:\Program Files\dSPACE RCPHIL 2017-A\Compiler\QNX650_520\target\qnx6/ppcbe/lib/crt1.o

.gnu.version    0x00000000480418b6        0x0
 *(.gnu.version)
 .gnu.version   0x00000000480418b6        0x0 C:\Program Files\dSPACE RCPHIL 2017-A\Compiler\QNX650_520\target\qnx6/ppcbe/lib/crt1.o

.gnu.version_d  0x00000000480418b8        0x0
 *(.gnu.version_d)
 .gnu.version_d
                0x00000000480418b8        0x0 C:\Program Files\dSPACE RCPHIL 2017-A\Compiler\QNX650_520\target\qnx6/ppcbe/lib/crt1.o

.gnu.version_r  0x00000000480418b8        0x0
 *(.gnu.version_r)
 .gnu.version_r
                0x00000000480418b8        0x0 C:\Program Files\dSPACE RCPHIL 2017-A\Compiler\QNX650_520\target\qnx6/ppcbe/lib/crt1.o

.rel.dyn
 *(.rel.init)
 *(.rel.text .rel.text.* .rel.gnu.linkonce.t.*)
 *(.rel.fini)
 *(.rel.rodata .rel.rodata.* .rel.gnu.linkonce.r.*)
 *(.rel.data.rel.ro* .rel.gnu.linkonce.d.rel.ro.*)
 *(.rel.data .rel.data.* .rel.gnu.linkonce.d.*)
 *(.rel.tdata .rel.tdata.* .rel.gnu.linkonce.td.*)
 *(.rel.tbss .rel.tbss.* .rel.gnu.linkonce.tb.*)
 *(.rel.ctors)
 *(.rel.dtors)
 *(.rel.got)
 *(.rel.sdata .rel.sdata.* .rel.gnu.linkonce.s.*)
 *(.rel.sbss .rel.sbss.* .rel.gnu.linkonce.sb.*)
 *(.rel.sdata2 .rel.sdata2.* .rel.gnu.linkonce.s2.*)
 *(.rel.sbss2 .rel.sbss2.* .rel.gnu.linkonce.sb2.*)
 *(.rel.bss .rel.bss.* .rel.gnu.linkonce.b.*)

.rela.dyn       0x00000000480418b8       0x6c
 *(.rela.init)
 *(.rela.text .rela.text.* .rela.gnu.linkonce.t.*)
 .rela.text     0x00000000480418b8        0x0 C:\Program Files\dSPACE RCPHIL 2017-A\Compiler\QNX650_520\target\qnx6/ppcbe/lib/crt1.o
 *(.rela.fini)
 *(.rela.rodata .rela.rodata.* .rela.gnu.linkonce.r.*)
 .rela.rodata   0x00000000480418b8        0x0 C:\Program Files\dSPACE RCPHIL 2017-A\Compiler\QNX650_520\target\qnx6/ppcbe/lib/crt1.o
 *(.rela.data .rela.data.* .rela.gnu.linkonce.d.*)
 *(.rela.tdata .rela.tdata.* .rela.gnu.linkonce.td.*)
 *(.rela.tbss .rela.tbss.* .rela.gnu.linkonce.tb.*)
 *(.rela.ctors)
 *(.rela.dtors)
 *(.rela.got)
 .rela.got      0x00000000480418b8       0x48 C:\Program Files\dSPACE RCPHIL 2017-A\Compiler\QNX650_520\target\qnx6/ppcbe/lib/crt1.o
 *(.rela.got1)
 *(.rela.got2)
 *(.rela.sdata .rela.sdata.* .rela.gnu.linkonce.s.*)
 *(.rela.sbss .rela.sbss.* .rela.gnu.linkonce.sb.*)
 .rela.sbss     0x0000000048041900        0x0 C:\Program Files\dSPACE RCPHIL 2017-A\Compiler\QNX650_520\target\qnx6/ppcbe/lib/crt1.o
 *(.rela.sdata2 .rela.sdata2.* .rela.gnu.linkonce.s2.*)
 *(.rela.sbss2 .rela.sbss2.* .rela.gnu.linkonce.sb2.*)
 *(.rela.bss .rela.bss.* .rela.gnu.linkonce.b.*)
 .rela.bss      0x0000000048041900       0x24 C:\Program Files\dSPACE RCPHIL 2017-A\Compiler\QNX650_520\target\qnx6/ppcbe/lib/crt1.o
 .rela.iplt     0x0000000048041924        0x0 C:\Program Files\dSPACE RCPHIL 2017-A\Compiler\QNX650_520\target\qnx6/ppcbe/lib/crt1.o

.rel.plt
 *(.rel.plt)

.rela.plt       0x0000000048041924      0x51c
 *(.rela.plt)
 .rela.plt      0x0000000048041924      0x51c C:\Program Files\dSPACE RCPHIL 2017-A\Compiler\QNX650_520\target\qnx6/ppcbe/lib/crt1.o

.init           0x0000000048041e40       0x24
 *(.init)
 .init          0x0000000048041e40        0xc C:\Program Files\dSPACE RCPHIL 2017-A\Compiler\QNX650_520\target\qnx6/ppcbe/lib/crti.o
                0x0000000048041e40                _init
 .init          0x0000000048041e4c        0x4 c:/program files/dspace rcphil 2017-a/compiler/qnx650_520/host/win32/x86/usr/bin/../lib/gcc/powerpc-unknown-nto-qnx6.5.0/5.2.0/crtbegin.o
 .init          0x0000000048041e50        0x4 c:/program files/dspace rcphil 2017-a/compiler/qnx650_520/host/win32/x86/usr/bin/../lib/gcc/powerpc-unknown-nto-qnx6.5.0/5.2.0/crtend.o
 .init          0x0000000048041e54       0x10 C:\Program Files\dSPACE RCPHIL 2017-A\Compiler\QNX650_520\target\qnx6/ppcbe/lib/crtn.o

.text           0x0000000048041e70     0x428c
                0x0000000048041e70                _btext = .
 *(.text .stub .text.* .gnu.linkonce.t.*)
 .text          0x0000000048041e70      0x118 C:\Program Files\dSPACE RCPHIL 2017-A\Compiler\QNX650_520\target\qnx6/ppcbe/lib/crt1.o
                0x0000000048041e70                _start
 .text          0x0000000048041f88        0x0 C:\Program Files\dSPACE RCPHIL 2017-A\Compiler\QNX650_520\target\qnx6/ppcbe/lib/crti.o
 .text          0x0000000048041f88      0x2b0 c:/program files/dspace rcphil 2017-a/compiler/qnx650_520/host/win32/x86/usr/bin/../lib/gcc/powerpc-unknown-nto-qnx6.5.0/5.2.0/crtbegin.o
 *fill*         0x0000000048042238        0x8 00000000
 .text          0x0000000048042240     0x1718 ExpeCommandeVitesseMCC.o07
                0x0000000048042240                ExpeCom_TriggeredSubsystem_Init
                0x0000000048042290                ExpeCommande_TriggeredSubsystem
                0x0000000048042540                ExpeCommandeVitesseMCC_output
                0x0000000048043370                ExpeCommandeVitesseMCC_derivatives
                0x0000000048043500                ExpeCommandeVitesseMCC_update
                0x0000000048043640                ExpeCommandeVitesseMCC_initialize
                0x00000000480438a0                ExpeCommandeVitesseMCC_terminate
 .text          0x0000000048043958        0x0 ExpeCommandeVitesseMCC_data.o07
 .text          0x0000000048043958       0xc4 ExpeCommandeVitesseMCC_trc_ptr.o07
                0x00000000480439e8                ExpeCommandeVitesseMCC_rti_init_trc_pointers
 *fill*         0x0000000048043a1c        0x4 00000000
 .text          0x0000000048043a20       0x5c rtGetInf.o07
                0x0000000048043a20                rtGetInf
                0x0000000048043a40                rtGetInfF
                0x0000000048043a50                rtGetMinusInf
                0x0000000048043a70                rtGetMinusInfF
 *fill*         0x0000000048043a7c        0x4 00000000
 .text          0x0000000048043a80       0x3c rtGetNaN.o07
                0x0000000048043a80                rtGetNaN
                0x0000000048043ab0                rtGetNaNF
 *fill*         0x0000000048043abc        0x4 00000000
 .text          0x0000000048043ac0       0xf4 rt_nonfinite.o07
                0x0000000048043ac0                rt_InitInfAndNaN
                0x0000000048043b20                rtIsInf
                0x0000000048043b50                rtIsInfF
                0x0000000048043b80                rtIsNaN
                0x0000000048043ba0                rtIsNaNF
 *fill*         0x0000000048043bb4        0xc 00000000
 .text          0x0000000048043bc0       0xf8 rt_zcfcn.o07
                0x0000000048043bc0                rt_ZCFcn
 *fill*         0x0000000048043cb8        0x8 00000000
 .text          0x0000000048043cc0      0xa74 rti_sim_engine.o07
                0x00000000480446c0                rtk_idle_function
                0x00000000480446d0                rti_th_timertask1_trigger_source
                0x0000000048044720                initConditions
                0x0000000048044730                initVariables
 .text.unlikely
                0x0000000048044734       0x78 rti_sim_engine.o07
 *fill*         0x00000000480447ac        0x4 00000000
 .text.startup  0x00000000480447b0      0xd38 rti_sim_engine.o07
                0x00000000480447b0                main
 *fill*         0x00000000480454e8        0x8 00000000
 .text          0x00000000480454f0       0x40 rti_init_c.o07
                0x00000000480454f0                rti_init
 .text          0x0000000048045530       0x44 rt_sim.o07
                0x0000000048045530                rt_SimInitTimingEngine
                0x0000000048045560                rt_SimGetNextSampleHit
                0x0000000048045570                rt_SimUpdateDiscreteTaskSampleHits
 *fill*         0x0000000048045574        0xc 00000000
 .text          0x0000000048045580       0xd4 rti_assert.o07
                0x0000000048045580                rti_assertion_handler
                0x0000000048045610                rti_assertion_mode_msg
 .text          0x0000000048045654        0x0 C:\Program Files\dSPACE RCPHIL 2017-A\DS1202\Lib/librtversion.a(RtVersion.o)
 *fill*         0x0000000048045654        0xc 00000000
 .text          0x0000000048045660        0x4 C:\Program Files\dSPACE RCPHIL 2017-A\DS1202\Lib/librtglobals.a(DsEESPort.o)
                0x0000000048045660                DsEesPort_init()
 .text          0x0000000048045664       0x20 C:\Program Files\dSPACE RCPHIL 2017-A\DS1202\Lib/libm_fastpow.a(w_pow.o)
                0x0000000048045664                pow
 .text          0x0000000048045684      0x85c C:\Program Files\dSPACE RCPHIL 2017-A\DS1202\Lib/libm_fastpow.a(e_pow.o)
                0x0000000048045684                __ieee754_pow
 .text          0x0000000048045ee0      0x188 C:\Program Files\dSPACE RCPHIL 2017-A\DS1202\Lib/libm_fastpow.a(s_scalbn.o)
                0x0000000048045ee0                scalbn
 .text          0x0000000048046068       0x94 c:/program files/dspace rcphil 2017-a/compiler/qnx650_520/host/win32/x86/usr/bin/../lib/gcc/powerpc-unknown-nto-qnx6.5.0/5.2.0/crtend.o
 .text          0x00000000480460fc        0x0 C:\Program Files\dSPACE RCPHIL 2017-A\Compiler\QNX650_520\target\qnx6/ppcbe/lib/crtn.o
 *(.gnu.warning)
 *(.glink)
 .glink         0x00000000480460fc        0x0 C:\Program Files\dSPACE RCPHIL 2017-A\Compiler\QNX650_520\target\qnx6/ppcbe/lib/crt1.o

.fini           0x00000000480460fc       0x20
 *(.fini)
 .fini          0x00000000480460fc        0xc C:\Program Files\dSPACE RCPHIL 2017-A\Compiler\QNX650_520\target\qnx6/ppcbe/lib/crti.o
                0x00000000480460fc                _fini
 .fini          0x0000000048046108        0x4 c:/program files/dspace rcphil 2017-a/compiler/qnx650_520/host/win32/x86/usr/bin/../lib/gcc/powerpc-unknown-nto-qnx6.5.0/5.2.0/crtbegin.o
 .fini          0x000000004804610c       0x10 C:\Program Files\dSPACE RCPHIL 2017-A\Compiler\QNX650_520\target\qnx6/ppcbe/lib/crtn.o
                [!provide]                        PROVIDE (__etext, .)
                0x000000004804611c                PROVIDE (_etext, .)
                [!provide]                        PROVIDE (etext, .)

.rodata         0x0000000048046120      0x558
 *(.rodata .rodata.* .gnu.linkonce.r.*)
 .rodata        0x0000000048046120       0x28 ExpeCommandeVitesseMCC.o07
                0x0000000048046144                ExpeCommandeVitesseMCC_M
 .rodata.cst4   0x0000000048046148       0x10 ExpeCommandeVitesseMCC.o07
 .rodata.cst8   0x0000000048046158       0x10 ExpeCommandeVitesseMCC.o07
 .rodata.str1.4
                0x0000000048046168        0x5 ExpeCommandeVitesseMCC.o07
 *fill*         0x000000004804616d        0x3 
 .rodata.cst4   0x0000000048046170        0x8 rtGetInf.o07
 .rodata.cst4   0x0000000048046178        0x4 rtGetNaN.o07
 .rodata        0x000000004804617c       0x13 rt_zcfcn.o07
 .rodata.cst4   0x000000004804618f        0x4 rt_zcfcn.o07
 *fill*         0x000000004804618f        0x1 
 .rodata        0x0000000048046190        0xc rti_sim_engine.o07
                0x0000000048046190                rtiDataSetStorageEnabled
                0x0000000048046194                p_dsts_sum_of_reset_time
                0x0000000048046198                p_msg_last_error_no
 .rodata.cst4   0x000000004804619c        0x8 rti_sim_engine.o07
                                          0xc (size before relaxing)
 *fill*         0x00000000480461a4        0x4 
 .rodata.cst8   0x00000000480461a8       0x18 rti_sim_engine.o07
                                         0x20 (size before relaxing)
 .rodata.str1.4
                0x00000000480461c0      0x280 rti_sim_engine.o07
 .rodata.cst4   0x0000000048046440        0x4 rt_sim.o07
                                          0x8 (size before relaxing)
 .rodata.str1.4
                0x0000000048046444       0x71 rt_sim.o07
 *fill*         0x00000000480464b5        0x3 
 .rodata.str1.4
                0x00000000480464b8       0x70 rti_assert.o07
                                         0x6d (size before relaxing)
 .rodata        0x0000000048046528       0x30 C:\Program Files\dSPACE RCPHIL 2017-A\DS1202\Lib/libm_fastpow.a(e_pow.o)
 .rodata.cst4   0x0000000048046558        0x8 C:\Program Files\dSPACE RCPHIL 2017-A\DS1202\Lib/libm_fastpow.a(e_pow.o)
 .rodata.cst8   0x0000000048046560       0xe8 C:\Program Files\dSPACE RCPHIL 2017-A\DS1202\Lib/libm_fastpow.a(e_pow.o)
 .rodata.cst8   0x0000000048046648       0x30 C:\Program Files\dSPACE RCPHIL 2017-A\DS1202\Lib/libm_fastpow.a(s_scalbn.o)

.rodata1
 *(.rodata1)

.sdata2         0x0000000048046678        0x0
                0x0000000000008000                PROVIDE (_SDA2_BASE_, 0x8000)
 *(.sdata2 .sdata2.* .gnu.linkonce.s2.*)
 .sdata2        0x0000000048046678        0x0 C:\Program Files\dSPACE RCPHIL 2017-A\Compiler\QNX650_520\target\qnx6/ppcbe/lib/crt1.o

.sbss2
 *(.sbss2 .sbss2.* .gnu.linkonce.sb2.*)

.eh_frame_hdr   0x0000000048046678       0x14
 *(.eh_frame_hdr)
 .eh_frame_hdr  0x0000000048046678       0x14 C:\Program Files\dSPACE RCPHIL 2017-A\DS1202\Lib/librtglobals.a(DsEESPort.o)

.eh_frame       0x000000004804668c       0x2c
 *(.eh_frame)
 .eh_frame      0x000000004804668c        0x0 C:\Program Files\dSPACE RCPHIL 2017-A\Compiler\QNX650_520\target\qnx6/ppcbe/lib/crt1.o
 .eh_frame      0x000000004804668c        0x0 c:/program files/dspace rcphil 2017-a/compiler/qnx650_520/host/win32/x86/usr/bin/../lib/gcc/powerpc-unknown-nto-qnx6.5.0/5.2.0/crtbegin.o
 .eh_frame      0x000000004804668c       0x28 C:\Program Files\dSPACE RCPHIL 2017-A\DS1202\Lib/librtglobals.a(DsEESPort.o)
 .eh_frame      0x00000000480466b4        0x4 c:/program files/dspace rcphil 2017-a/compiler/qnx650_520/host/win32/x86/usr/bin/../lib/gcc/powerpc-unknown-nto-qnx6.5.0/5.2.0/crtend.o

.gcc_except_table
 *(.gcc_except_table .gcc_except_table.*)
                0x00000000480466b8                . = (ALIGN (0x1000) - ((0x1000 - .) & 0xfff))
                0x0000000048047000                . = DATA_SEGMENT_ALIGN (0x1000, 0x1000)

.eh_frame
 *(.eh_frame)

.gcc_except_table
 *(.gcc_except_table .gcc_except_table.*)

.tdata
 *(.tdata .tdata.* .gnu.linkonce.td.*)

.tbss
 *(.tbss .tbss.* .gnu.linkonce.tb.*)
 *(.tcommon)

.preinit_array  0x0000000048047000        0x0
                0x0000000048047000                PROVIDE (__preinit_array_start, .)
 *(.preinit_array)
                0x0000000048047000                PROVIDE (__preinit_array_end, .)

.init_array     0x0000000048047000        0x0
                0x0000000048047000                PROVIDE (__init_array_start, .)
 *(SORT(.init_array.*))
 *(.init_array)
                0x0000000048047000                PROVIDE (__init_array_end, .)

.fini_array     0x0000000048047000        0x0
                0x0000000048047000                PROVIDE (__fini_array_start, .)
 *(.fini_array)
 *(SORT(.fini_array.*))
                0x0000000048047000                PROVIDE (__fini_array_end, .)

.ctors          0x0000000048047000        0x8
 *crtbegin.o(.ctors)
 .ctors         0x0000000048047000        0x4 c:/program files/dspace rcphil 2017-a/compiler/qnx650_520/host/win32/x86/usr/bin/../lib/gcc/powerpc-unknown-nto-qnx6.5.0/5.2.0/crtbegin.o
 *crtbegin?.o(.ctors)
 *(EXCLUDE_FILE(*crtend?.o *crtend.o) .ctors)
 *(SORT(.ctors.*))
 *(.ctors)
 .ctors         0x0000000048047004        0x4 c:/program files/dspace rcphil 2017-a/compiler/qnx650_520/host/win32/x86/usr/bin/../lib/gcc/powerpc-unknown-nto-qnx6.5.0/5.2.0/crtend.o

.dtors          0x0000000048047008        0x8
 *crtbegin.o(.dtors)
 .dtors         0x0000000048047008        0x4 c:/program files/dspace rcphil 2017-a/compiler/qnx650_520/host/win32/x86/usr/bin/../lib/gcc/powerpc-unknown-nto-qnx6.5.0/5.2.0/crtbegin.o
 *crtbegin?.o(.dtors)
 *(EXCLUDE_FILE(*crtend?.o *crtend.o) .dtors)
 *(SORT(.dtors.*))
 *(.dtors)
 .dtors         0x000000004804700c        0x4 c:/program files/dspace rcphil 2017-a/compiler/qnx650_520/host/win32/x86/usr/bin/../lib/gcc/powerpc-unknown-nto-qnx6.5.0/5.2.0/crtend.o
                0x000000004804700c                __DTOR_END__

.jcr            0x0000000048047010        0x4
 *(.jcr)
 .jcr           0x0000000048047010        0x0 c:/program files/dspace rcphil 2017-a/compiler/qnx650_520/host/win32/x86/usr/bin/../lib/gcc/powerpc-unknown-nto-qnx6.5.0/5.2.0/crtbegin.o
 .jcr           0x0000000048047010        0x4 c:/program files/dspace rcphil 2017-a/compiler/qnx650_520/host/win32/x86/usr/bin/../lib/gcc/powerpc-unknown-nto-qnx6.5.0/5.2.0/crtend.o

.data.rel.ro
 *(.data.rel.ro.local* .gnu.linkonce.d.rel.ro.local.*)
 *(.data.rel.ro* .gnu.linkonce.d.rel.ro.*)

.fixup
 *(.fixup)

.got1
 *(.got1)

.got2
 *(.got2)

.dynamic        0x0000000048047014      0x128
 *(.dynamic)
 .dynamic       0x0000000048047014      0x128 C:\Program Files\dSPACE RCPHIL 2017-A\Compiler\QNX650_520\target\qnx6/ppcbe/lib/crt1.o
                0x0000000048047014                _DYNAMIC

.got
 *(.got)
                0x000000004804713c                . = DATA_SEGMENT_RELRO_END (., 0x0)

.plt
 *(.plt)

.data           0x0000000048047140      0x258
 *(.data .data.* .gnu.linkonce.d.*)
 .data          0x0000000048047140        0x0 C:\Program Files\dSPACE RCPHIL 2017-A\Compiler\QNX650_520\target\qnx6/ppcbe/lib/crt1.o
 .data          0x0000000048047140        0x0 C:\Program Files\dSPACE RCPHIL 2017-A\Compiler\QNX650_520\target\qnx6/ppcbe/lib/crti.o
 .data          0x0000000048047140        0x0 c:/program files/dspace rcphil 2017-a/compiler/qnx650_520/host/win32/x86/usr/bin/../lib/gcc/powerpc-unknown-nto-qnx6.5.0/5.2.0/crtbegin.o
 .data.rel.local
                0x0000000048047140        0x4 c:/program files/dspace rcphil 2017-a/compiler/qnx650_520/host/win32/x86/usr/bin/../lib/gcc/powerpc-unknown-nto-qnx6.5.0/5.2.0/crtbegin.o
                0x0000000048047140                __dso_handle
 .data          0x0000000048047144        0x0 ExpeCommandeVitesseMCC.o07
 *fill*         0x0000000048047144        0x4 
 .data          0x0000000048047148      0x230 ExpeCommandeVitesseMCC_data.o07
                0x0000000048047148                ExpeCommandeVitesseMCC_P
 .data          0x0000000048047378        0x0 ExpeCommandeVitesseMCC_trc_ptr.o07
 .data          0x0000000048047378        0x0 rtGetInf.o07
 .data          0x0000000048047378        0x0 rtGetNaN.o07
 .data          0x0000000048047378        0x0 rt_nonfinite.o07
 .data          0x0000000048047378        0x0 rt_zcfcn.o07
 .data          0x0000000048047378       0x14 rti_sim_engine.o07
                0x0000000048047378                simState
                0x0000000048047388                lastSimState
 .data          0x000000004804738c        0x0 rti_init_c.o07
 .data          0x000000004804738c        0x0 rt_sim.o07
 .data          0x000000004804738c        0x0 rti_assert.o07
 .data          0x000000004804738c        0x0 C:\Program Files\dSPACE RCPHIL 2017-A\DS1202\Lib/librtversion.a(RtVersion.o)
 .data          0x000000004804738c        0x0 C:\Program Files\dSPACE RCPHIL 2017-A\DS1202\Lib/librtglobals.a(DsEESPort.o)
 .data.rel      0x000000004804738c        0xc C:\Program Files\dSPACE RCPHIL 2017-A\DS1202\Lib/librtglobals.a(DsEESPort.o)
                0x000000004804738c                p_xilapi_eesport_errorswitching_uint32_T
                0x0000000048047390                p_xilapi_eesport_erroractivated_uint32_T
                0x0000000048047394                p_xilapi_eesport_activeerrorset_uint32_T
 .data          0x0000000048047398        0x0 C:\Program Files\dSPACE RCPHIL 2017-A\DS1202\Lib/libm_fastpow.a(w_pow.o)
 .data          0x0000000048047398        0x0 C:\Program Files\dSPACE RCPHIL 2017-A\DS1202\Lib/libm_fastpow.a(e_pow.o)
 .data          0x0000000048047398        0x0 C:\Program Files\dSPACE RCPHIL 2017-A\DS1202\Lib/libm_fastpow.a(s_scalbn.o)
 .data          0x0000000048047398        0x0 c:/program files/dspace rcphil 2017-a/compiler/qnx650_520/host/win32/x86/usr/bin/../lib/gcc/powerpc-unknown-nto-qnx6.5.0/5.2.0/crtend.o
 .data          0x0000000048047398        0x0 C:\Program Files\dSPACE RCPHIL 2017-A\Compiler\QNX650_520\target\qnx6/ppcbe/lib/crtn.o

.tm_clone_table
                0x0000000048047398        0x0
 .tm_clone_table
                0x0000000048047398        0x0 c:/program files/dspace rcphil 2017-a/compiler/qnx650_520/host/win32/x86/usr/bin/../lib/gcc/powerpc-unknown-nto-qnx6.5.0/5.2.0/crtbegin.o
 .tm_clone_table
                0x0000000048047398        0x0 c:/program files/dspace rcphil 2017-a/compiler/qnx650_520/host/win32/x86/usr/bin/../lib/gcc/powerpc-unknown-nto-qnx6.5.0/5.2.0/crtend.o

.data1
 *(.data1)

.got            0x0000000048047398       0x54
 *(.got)
 .got           0x0000000048047398       0x54 C:\Program Files\dSPACE RCPHIL 2017-A\Compiler\QNX650_520\target\qnx6/ppcbe/lib/crt1.o
                0x00000000480473e0                _GLOBAL_OFFSET_TABLE_

.sdata          0x00000000480473ec        0x0
                0x0000000000008000                PROVIDE (_SDA_BASE_, 0x8000)
 *(.sdata .sdata.* .gnu.linkonce.s.*)
 .sdata         0x00000000480473ec        0x0 C:\Program Files\dSPACE RCPHIL 2017-A\Compiler\QNX650_520\target\qnx6/ppcbe/lib/crt1.o
                0x00000000480473ec                _edata = .
                [!provide]                        PROVIDE (edata, .)
                0x00000000480473ec                __bss_start = .

.sbss           0x00000000480473ec        0x0
                [!provide]                        PROVIDE (__sbss_start, .)
                [!provide]                        PROVIDE (___sbss_start, .)
 *(.dynsbss)
 .dynsbss       0x00000000480473ec        0x0 C:\Program Files\dSPACE RCPHIL 2017-A\Compiler\QNX650_520\target\qnx6/ppcbe/lib/crt1.o
 *(.sbss .sbss.* .gnu.linkonce.sb.*)
 *(.scommon)
                [!provide]                        PROVIDE (__sbss_end, .)
                [!provide]                        PROVIDE (___sbss_end, .)

.plt            0x00000000480473ec      0x564
 *(.plt)
 .plt           0x00000000480473ec      0x564 C:\Program Files\dSPACE RCPHIL 2017-A\Compiler\QNX650_520\target\qnx6/ppcbe/lib/crt1.o
                0x0000000048047434                ts_reset
                0x000000004804743c                __register_frame_info
                0x0000000048047444                msg_error_clear
                0x000000004804744c                DioCl1MultiPwmOut_write
                0x0000000048047454                AdcCl1AnalogIn_read
                0x000000004804745c                DioCl1EncoderIn_setGatedMode
                0x0000000048047464                dsrtt_set_current_time
                0x000000004804746c                sqrt
                0x0000000048047474                rtk_current_task_absolute_time_ptr_get
                0x000000004804747c                DsTimeSync_simstateRun
                0x0000000048047484                DioCl1EncoderIn_setEncPosValidity
                0x000000004804748c                floor
                0x0000000048047494                DioCl1MultiPwmOut_apply
                0x000000004804749c                DioCl1MultiPwmOut_setEventDownsample
                0x00000000480474a4                rtk_setup_temp_overrun_handling
                0x00000000480474ac                DioCl1DigOut_setChMaskOutData
                0x00000000480474b4                ceil
                0x00000000480474bc                SrtkIntBase_requestTaskMode
                0x00000000480474c4                rtk_reset_tasks
                0x00000000480474cc                DioCl1EncoderIn_setIndexMode
                0x00000000480474d4                __cxa_finalize
                0x00000000480474dc                DioCl1MultiPwmOut_setDutyCycle
                0x00000000480474e4                DioCl1MultiPwmOut_setSignalVoltage
                0x00000000480474ec                _init_array
                0x00000000480474f4                rtk_set_task_type
                0x00000000480474fc                DsTimeSync_baserate
                0x0000000048047504                rtk_task_name_set
                0x000000004804750c                DioCl1MultiPwmOut_setUpdateMode
                0x0000000048047514                DioCl1DigOut_setChMaskOutHighZ
                0x000000004804751c                dsrtt_script_service_post_computation
                0x0000000048047524                rtk_create_task
                0x000000004804752c                msg_warning_printf
                0x0000000048047534                DioCl1EncoderIn_setMaxPosition
                0x000000004804753c                DioCl1EncoderIn_setMinPosition
                0x0000000048047544                msg_last_error_number
                0x000000004804754c                AdcCl1AnalogIn_setConversTrigger
                0x0000000048047554                dsparam_copy_data_set
                0x000000004804755c                SrtkPreload_preloadRegion
                0x0000000048047564                msg_error_set
                0x000000004804756c                rtk_enable_services
                0x0000000048047574                SrtkDaq_Init
                0x000000004804757c                DioCl1EncoderIn_getEncVelocity
                0x0000000048047584                DioCl1DigOut_setSignalVoltage
                0x000000004804758c                rtk_task_task_calls_get
                0x0000000048047594                DsTimeSync_setCurrentTimePtr
                0x000000004804759c                SrtkIntBase_enableIntGlobal
                0x00000000480475a4                AdcCl1AnalogIn_setConversionMode
                0x00000000480475ac                rtk_overrun_flag_clear
                0x00000000480475b4                DioCl1MultiPwmOut_setAlignmentMode
                0x00000000480475bc                rtk_bind_interrupt
                0x00000000480475c4                AdcCl1AnalogIn_apply
                0x00000000480475cc                _init_libc
                0x00000000480475d4                DioCl1MultiPwmOut_setOutputHighZ
                0x00000000480475dc                dsrtt_init
                0x00000000480475e4                AdcCl1AnalogIn_write
                0x00000000480475ec                DioCl1EncoderIn_setMeasurementInterval
                0x00000000480475f4                DioCl1EncoderIn_read
                0x00000000480475fc                DioCl1DigOut_write
                0x0000000048047604                SrtkApp_terminate
                0x000000004804760c                DioCl1DigOut_start
                0x0000000048047614                DioCl1EncoderIn_getEncPosition
                0x000000004804761c                AdcCl1AnalogIn_isDataReady
                0x0000000048047624                DioCl1MultiPwmOut_setEventDelay
                0x000000004804762c                msg_info_set
                0x0000000048047634                DioCl1MultiPwmOut_setRisingEdgeDelay
                0x000000004804763c                dsrtt_script_service_pre_computation
                0x0000000048047644                msg_error_printf
                0x000000004804764c                DioCl1EncoderIn_setEncPosition
                0x0000000048047654                memset
                0x000000004804765c                DioCl1DigOut_create
                0x0000000048047664                DioCl1MultiPwmOut_setPeriod
                0x000000004804766c                rtk_leave_idle_mode
                0x0000000048047674                DioCl1EncoderIn_create
                0x000000004804767c                fmod
                0x0000000048047684                __wrap_exit
                0x000000004804768c                DioCl1DigOut_apply
                0x0000000048047694                __wrap_atexit
                0x000000004804769c                AdcCl1AnalogIn_start
                0x00000000480476a4                _fini_array
                0x00000000480476ac                SrtkDaq_Background
                0x00000000480476b4                _preinit_array
                0x00000000480476bc                SrtkApp_init
                0x00000000480476c4                DioCl1MultiPwmOut_start
                0x00000000480476cc                DioCl1EncoderIn_start
                0x00000000480476d4                DioCl1MultiPwmOut_create
                0x00000000480476dc                SrtkDaq_Service
                0x00000000480476e4                rtk_task_task_name_get
                0x00000000480476ec                AdcCl1AnalogIn_setConversSwTrigger
                0x00000000480476f4                SrtkSim_notifyStateTransition
                0x00000000480476fc                AdcCl1AnalogIn_getSingleValue
                0x0000000048047704                DioCl1EncoderIn_apply
                0x000000004804770c                DioCl1EncoderIn_stop
                0x0000000048047714                msg_set
                0x000000004804771c                DioCl1EncoderIn_setEncoderLines
                0x0000000048047724                rtk_get_subentry
                0x000000004804772c                dsrtt_set_step_size
                0x0000000048047734                rtk_enter_idle_mode
                0x000000004804773c                DioCl1EncoderIn_write
                0x0000000048047744                rtk_initialize
                0x000000004804774c                DioCl1MultiPwmOut_setInterruptMode
                0x0000000048047754                DioCl1MultiPwmOut_setInvertingMode
                0x000000004804775c                SrtkApp_background
                0x0000000048047764                rtk_default_overrun_fcn
                0x000000004804776c                AdcCl1AnalogIn_create
                0x0000000048047774                vcm_module_register
                0x000000004804777c                DsTimeSync_simstateStop
                0x0000000048047784                SrtkIntBase_disableIntGlobal
                0x000000004804778c                SrtkSim_registerState
                0x0000000048047794                __deregister_frame_info

.bss            0x0000000048047950      0x60c
 *(.dynbss)
 .dynbss        0x0000000048047950       0x14 C:\Program Files\dSPACE RCPHIL 2017-A\Compiler\QNX650_520\target\qnx6/ppcbe/lib/crt1.o
                0x0000000048047950                errno
                0x0000000048047958                dsts_sum_of_reseted_time
                0x0000000048047960                msg_last_error_no
 *(.bss .bss.* .gnu.linkonce.b.*)
 .bss           0x0000000048047964        0x0 C:\Program Files\dSPACE RCPHIL 2017-A\Compiler\QNX650_520\target\qnx6/ppcbe/lib/crt1.o
 .bss           0x0000000048047964        0x0 C:\Program Files\dSPACE RCPHIL 2017-A\Compiler\QNX650_520\target\qnx6/ppcbe/lib/crti.o
 .bss           0x0000000048047964       0x20 c:/program files/dspace rcphil 2017-a/compiler/qnx650_520/host/win32/x86/usr/bin/../lib/gcc/powerpc-unknown-nto-qnx6.5.0/5.2.0/crtbegin.o
 *fill*         0x0000000048047984        0x4 
 .bss           0x0000000048047988      0x4e0 ExpeCommandeVitesseMCC.o07
                0x0000000048047988                ExpeCommandeVitesseMCC_B
                0x0000000048047bf0                ExpeCommandeVitesseMCC_M_
                0x0000000048047d98                ExpeCommandeVitesseMCC_DW
                0x0000000048047e20                ExpeCommandeVitesseMCC_X
                0x0000000048047e60                ExpeCommandeVitesseMCC_PrevZCX
 .bss           0x0000000048047e68        0x0 ExpeCommandeVitesseMCC_data.o07
 .bss           0x0000000048047e68       0x1c ExpeCommandeVitesseMCC_trc_ptr.o07
                0x0000000048047e68                p_0_ExpeCommandeVitesseMCC_real_T_0
                0x0000000048047e6c                p_0_ExpeCommandeVitesseMCC_boolean_T_1
                0x0000000048047e70                p_1_ExpeCommandeVitesseMCC_real_T_0
                0x0000000048047e74                p_1_ExpeCommandeVitesseMCC_boolean_T_1
                0x0000000048047e78                p_2_ExpeCommandeVitesseMCC_real_T_0
                0x0000000048047e7c                p_2_ExpeCommandeVitesseMCC_int8_T_1
                0x0000000048047e80                p_3_ExpeCommandeVitesseMCC_real_T_0
 .bss           0x0000000048047e84        0x0 rtGetInf.o07
 .bss           0x0000000048047e84        0x0 rtGetNaN.o07
 *fill*         0x0000000048047e84        0x4 
 .bss           0x0000000048047e88       0x2c rt_nonfinite.o07
                0x0000000048047e88                rtNaN
                0x0000000048047e90                rtNaNF
                0x0000000048047e98                rtInf
                0x0000000048047ea0                rtInfF
                0x0000000048047ea8                rtMinusInf
                0x0000000048047eb0                rtMinusInfF
 .bss           0x0000000048047eb4        0x0 rt_zcfcn.o07
 *fill*         0x0000000048047eb4        0x4 
 .bss           0x0000000048047eb8       0x8c rti_sim_engine.o07
                0x0000000048047eb8                currentTime
                0x0000000048047ebc                finalTime
                0x0000000048047ec0                modelStepSize
                0x0000000048047ec8                pRTIEmcEncoder_Unit_1_DioCl_1_Port_1_Ch1
                0x0000000048047ecc                pRTIDioC1DigOut_Port_2_Ch_4
                0x0000000048047ed0                pRTIDioC1DigOut_Port_1_Ch_4
                0x0000000048047ed4                pRTIEmcMultiPwmOut_Port_3_Ch_1
                0x0000000048047ed8                pRTIDioC1DigOut_Port_1_Ch_16
                0x0000000048047edc                taskMode
                0x0000000048047ee0                pRTIAdcC1AnalogIn_Ch_18
                0x0000000048047ee4                pRTIAdcC1AnalogIn_Ch_19
                0x0000000048047ee8                pRTIAdcC1AnalogIn_Ch_20
                0x0000000048047eec                pRTIAdcC1AnalogIn_Ch_21
                0x0000000048047ef0                pRTIAdcC1AnalogIn_Ch_22
                0x0000000048047ef4                pRTIAdcC1AnalogIn_Ch_23
                0x0000000048047ef8                pRti_TIMERA_STime
                0x0000000048047efc                pRti_TIMERA_TTime
                0x0000000048047f00                pRti_TIMERA_TState
                0x0000000048047f04                pRti_TIMERA_OType
                0x0000000048047f08                pRti_TIMERA_OMax
                0x0000000048047f0c                pRti_TIMERA_ORpt
                0x0000000048047f10                pRti_TIMERA_OCnt
                0x0000000048047f14                pRti_TIMERA_TCnt
                0x0000000048047f18                pRti_TIMERA_Prio
                0x0000000048047f20                pRti_120XDIOCL1MCPWM_BEGIN_OF_PERIODP3Ch1_TTime
                0x0000000048047f24                pRti_120XDIOCL1MCPWM_BEGIN_OF_PERIODP3Ch1_TState
                0x0000000048047f28                pRti_120XDIOCL1MCPWM_BEGIN_OF_PERIODP3Ch1_OType
                0x0000000048047f2c                pRti_120XDIOCL1MCPWM_BEGIN_OF_PERIODP3Ch1_OMax
                0x0000000048047f30                pRti_120XDIOCL1MCPWM_BEGIN_OF_PERIODP3Ch1_ORpt
                0x0000000048047f34                pRti_120XDIOCL1MCPWM_BEGIN_OF_PERIODP3Ch1_OCnt
                0x0000000048047f38                pRti_120XDIOCL1MCPWM_BEGIN_OF_PERIODP3Ch1_TCnt
                0x0000000048047f3c                pRti_120XDIOCL1MCPWM_BEGIN_OF_PERIODP3Ch1_Prio
                0x0000000048047f40                rtiAssertionMode
 .bss           0x0000000048047f44        0x4 rti_init_c.o07
 .bss           0x0000000048047f48        0x0 rt_sim.o07
 .bss           0x0000000048047f48        0x0 rti_assert.o07
 .bss           0x0000000048047f48        0x0 C:\Program Files\dSPACE RCPHIL 2017-A\DS1202\Lib/librtversion.a(RtVersion.o)
 .bss           0x0000000048047f48       0x14 C:\Program Files\dSPACE RCPHIL 2017-A\DS1202\Lib/librtglobals.a(DsEESPort.o)
                0x0000000048047f48                xilapi_eesport_trigger_uint32_T
                0x0000000048047f4c                xilapi_eesport_flags_uint32_T
                0x0000000048047f50                xilapi_eesport_errorswitching_uint32_T
                0x0000000048047f54                xilapi_eesport_erroractivated_uint32_T
                0x0000000048047f58                xilapi_eesport_activeerrorset_uint32_T
 .bss           0x0000000048047f5c        0x0 C:\Program Files\dSPACE RCPHIL 2017-A\DS1202\Lib/libm_fastpow.a(w_pow.o)
 .bss           0x0000000048047f5c        0x0 C:\Program Files\dSPACE RCPHIL 2017-A\DS1202\Lib/libm_fastpow.a(e_pow.o)
 .bss           0x0000000048047f5c        0x0 C:\Program Files\dSPACE RCPHIL 2017-A\DS1202\Lib/libm_fastpow.a(s_scalbn.o)
 .bss           0x0000000048047f5c        0x0 c:/program files/dspace rcphil 2017-a/compiler/qnx650_520/host/win32/x86/usr/bin/../lib/gcc/powerpc-unknown-nto-qnx6.5.0/5.2.0/crtend.o
 .bss           0x0000000048047f5c        0x0 C:\Program Files\dSPACE RCPHIL 2017-A\Compiler\QNX650_520\target\qnx6/ppcbe/lib/crtn.o
 *(COMMON)
                0x0000000048047f5c                . = ALIGN ((. != 0x0)?0x4:0x1)

.iplt           0x0000000048047f60        0x0
 .iplt          0x0000000048047f60        0x0 C:\Program Files\dSPACE RCPHIL 2017-A\Compiler\QNX650_520\target\qnx6/ppcbe/lib/crt1.o
                0x0000000048047f60                . = ALIGN (0x4)
                0x0000000048047f60                . = ALIGN (0x4)
                0x0000000048047f60                __end = .
                0x0000000048047f60                _end = .
                [!provide]                        PROVIDE (end, .)
                0x0000000048047f60                . = DATA_SEGMENT_END (.)

.stab
 *(.stab)

.stabstr
 *(.stabstr)

.stab.excl
 *(.stab.excl)

.stab.exclstr
 *(.stab.exclstr)

.stab.index
 *(.stab.index)

.stab.indexstr
 *(.stab.indexstr)

.comment        0x0000000000000000       0x47
 *(.comment)
 .comment       0x0000000000000000       0x11 c:/program files/dspace rcphil 2017-a/compiler/qnx650_520/host/win32/x86/usr/bin/../lib/gcc/powerpc-unknown-nto-qnx6.5.0/5.2.0/crtbegin.o
                                         0x12 (size before relaxing)
 .comment       0x0000000000000011       0x12 ExpeCommandeVitesseMCC.o07
 .comment       0x0000000000000011       0x12 ExpeCommandeVitesseMCC_data.o07
 .comment       0x0000000000000011       0x12 ExpeCommandeVitesseMCC_trc_ptr.o07
 .comment       0x0000000000000011       0x12 rtGetInf.o07
 .comment       0x0000000000000011       0x12 rtGetNaN.o07
 .comment       0x0000000000000011       0x12 rt_nonfinite.o07
 .comment       0x0000000000000011       0x12 rt_zcfcn.o07
 .comment       0x0000000000000011       0x12 rti_sim_engine.o07
 .comment       0x0000000000000011       0x12 rti_init_c.o07
 .comment       0x0000000000000011       0x12 rt_sim.o07
 .comment       0x0000000000000011       0x12 rti_assert.o07
 .comment       0x0000000000000011       0x12 C:\Program Files\dSPACE RCPHIL 2017-A\DS1202\Lib/librtversion.a(RtVersion.o)
 .comment       0x0000000000000011       0x12 C:\Program Files\dSPACE RCPHIL 2017-A\DS1202\Lib/librtglobals.a(DsEESPort.o)
 .comment       0x0000000000000011       0x12 C:\Program Files\dSPACE RCPHIL 2017-A\DS1202\Lib/libm_fastpow.a(w_pow.o)
 .comment       0x0000000000000023       0x12 C:\Program Files\dSPACE RCPHIL 2017-A\DS1202\Lib/libm_fastpow.a(e_pow.o)
 .comment       0x0000000000000035       0x12 C:\Program Files\dSPACE RCPHIL 2017-A\DS1202\Lib/libm_fastpow.a(s_scalbn.o)
 .comment       0x0000000000000047       0x12 c:/program files/dspace rcphil 2017-a/compiler/qnx650_520/host/win32/x86/usr/bin/../lib/gcc/powerpc-unknown-nto-qnx6.5.0/5.2.0/crtend.o

.PPC.EMB.apuinfo
                0x0000000000000000       0x18
 .PPC.EMB.apuinfo
                0x0000000000000000       0x18 ExpeCommandeVitesseMCC.o07
 .PPC.EMB.apuinfo
                0x0000000000000018       0x18 rt_zcfcn.o07

.debug
 *(.debug)

.line
 *(.line)

.debug_srcinfo
 *(.debug_srcinfo)

.debug_sfnames
 *(.debug_sfnames)

.debug_aranges
 *(.debug_aranges)

.debug_pubnames
 *(.debug_pubnames)

.debug_info
 *(.debug_info .gnu.linkonce.wi.*)

.debug_abbrev
 *(.debug_abbrev)

.debug_line
 *(.debug_line)

.debug_frame
 *(.debug_frame)

.debug_str
 *(.debug_str)

.debug_loc
 *(.debug_loc)

.debug_macinfo
 *(.debug_macinfo)

.debug_weaknames
 *(.debug_weaknames)

.debug_funcnames
 *(.debug_funcnames)

.debug_typenames
 *(.debug_typenames)

.debug_varnames
 *(.debug_varnames)

.debug_pubtypes
 *(.debug_pubtypes)

.debug_ranges
 *(.debug_ranges)

.gnu.attributes
                0x0000000000000000       0x14
 *(.gnu.attributes)
 .gnu.attributes
                0x0000000000000000       0x10 ExpeCommandeVitesseMCC.o07
 .gnu.attributes
                0x0000000000000010       0x10 rtGetInf.o07
 .gnu.attributes
                0x0000000000000020       0x10 rtGetNaN.o07
 .gnu.attributes
                0x0000000000000030       0x10 rt_nonfinite.o07
 .gnu.attributes
                0x0000000000000040       0x10 rt_zcfcn.o07
 .gnu.attributes
                0x0000000000000050       0x10 rti_sim_engine.o07
 .gnu.attributes
                0x0000000000000060       0x10 rt_sim.o07
 .gnu.attributes
                0x0000000000000070       0x10 rti_assert.o07
 .gnu.attributes
                0x0000000000000080       0x14 C:\Program Files\dSPACE RCPHIL 2017-A\DS1202\Lib/libm_fastpow.a(w_pow.o)
 .gnu.attributes
                0x0000000000000094       0x14 C:\Program Files\dSPACE RCPHIL 2017-A\DS1202\Lib/libm_fastpow.a(e_pow.o)
 .gnu.attributes
                0x00000000000000a8       0x14 C:\Program Files\dSPACE RCPHIL 2017-A\DS1202\Lib/libm_fastpow.a(s_scalbn.o)

/DISCARD/
 *(.note.GNU-stack)
 *(.gnu_debuglink)
OUTPUT(ExpeCommandeVitesseMCC.ppc elf32-powerpc)
